C:\Users\jic57\Documents\MCUXpressoIDE_11.4.1_6260\workspace\appnkey-firmware-dev01\drivers/fsl_common_arm.h:210:20:_SDK_AtomicLocalClearAndSet4Byte	4	static
C:\Users\jic57\Documents\MCUXpressoIDE_11.4.1_6260\workspace\appnkey-firmware-dev01\drivers/fsl_clock.h:1212:20:CLOCK_ControlGate	8	static
C:\Users\jic57\Documents\MCUXpressoIDE_11.4.1_6260\workspace\appnkey-firmware-dev01\drivers/fsl_clock.h:1229:20:CLOCK_EnableClock	8	static
C:\Users\jic57\Documents\MCUXpressoIDE_11.4.1_6260\workspace\appnkey-firmware-dev01\drivers/fsl_iomuxc.h:1270:20:IOMUXC_SetPinMux	4	static
../board/pin_mux.c:27:6:BOARD_InitBootPins	8	static
../board/pin_mux.c:108:6:BOARD_InitPins	16	static
