Archive member included to satisfy reference by file (symbol)

c:/nxp/mcuxpressoide_11.4.1_6260/ide/plugins/com.nxp.mcuxpresso.tools.win32_11.4.0.202103011116/tools/bin/../lib/gcc/arm-none-eabi/10.2.1/../../../../arm-none-eabi/lib/thumb/v7e-m+dp/hard\libcr_nohost_nf.a(_cr__main.o)
                              ./startup/startup_mimxrt1062.o (__main)
c:/nxp/mcuxpressoide_11.4.1_6260/ide/plugins/com.nxp.mcuxpresso.tools.win32_11.4.0.202103011116/tools/bin/../lib/gcc/arm-none-eabi/10.2.1/../../../../arm-none-eabi/lib/thumb/v7e-m+dp/hard\libcr_nohost_nf.a(_cr_assert.o)
                              ./source/appnkey-firmware-dev01.o (__assertion_failed)
c:/nxp/mcuxpressoide_11.4.1_6260/ide/plugins/com.nxp.mcuxpresso.tools.win32_11.4.0.202103011116/tools/bin/../lib/gcc/arm-none-eabi/10.2.1/../../../../arm-none-eabi/lib/thumb/v7e-m+dp/hard\libcr_nohost_nf.a(__ciob.o)
                              c:/nxp/mcuxpressoide_11.4.1_6260/ide/plugins/com.nxp.mcuxpresso.tools.win32_11.4.0.202103011116/tools/bin/../lib/gcc/arm-none-eabi/10.2.1/../../../../arm-none-eabi/lib/thumb/v7e-m+dp/hard\libcr_nohost_nf.a(_cr_assert.o) (__Ciob)
c:/nxp/mcuxpressoide_11.4.1_6260/ide/plugins/com.nxp.mcuxpresso.tools.win32_11.4.0.202103011116/tools/bin/../lib/gcc/arm-none-eabi/10.2.1/../../../../arm-none-eabi/lib/thumb/v7e-m+dp/hard\libcr_nohost_nf.a(__sys_appexit.o)
                              c:/nxp/mcuxpressoide_11.4.1_6260/ide/plugins/com.nxp.mcuxpresso.tools.win32_11.4.0.202103011116/tools/bin/../lib/gcc/arm-none-eabi/10.2.1/../../../../arm-none-eabi/lib/thumb/v7e-m+dp/hard\libcr_nohost_nf.a(_cr_assert.o) (__sys_appexit)
c:/nxp/mcuxpressoide_11.4.1_6260/ide/plugins/com.nxp.mcuxpresso.tools.win32_11.4.0.202103011116/tools/bin/../lib/gcc/arm-none-eabi/10.2.1/../../../../arm-none-eabi/lib/thumb/v7e-m+dp/hard\libcr_c.a(memcpy.o)
                              ./utilities/fsl_str.o (memcpy)
c:/nxp/mcuxpressoide_11.4.1_6260/ide/plugins/com.nxp.mcuxpresso.tools.win32_11.4.0.202103011116/tools/bin/../lib/gcc/arm-none-eabi/10.2.1/../../../../arm-none-eabi/lib/thumb/v7e-m+dp/hard\libcr_c.a(memset.o)
                              ./utilities/fsl_debug_console.o (memset)
c:/nxp/mcuxpressoide_11.4.1_6260/ide/plugins/com.nxp.mcuxpresso.tools.win32_11.4.0.202103011116/tools/bin/../lib/gcc/arm-none-eabi/10.2.1/../../../../arm-none-eabi/lib/thumb/v7e-m+dp/hard\libcr_c.a(_deferredlazyseek.o)
                              c:/nxp/mcuxpressoide_11.4.1_6260/ide/plugins/com.nxp.mcuxpresso.tools.win32_11.4.0.202103011116/tools/bin/../lib/gcc/arm-none-eabi/10.2.1/../../../../arm-none-eabi/lib/thumb/v7e-m+dp/hard\libcr_nohost_nf.a(_cr_assert.o) (__flsbuf)
c:/nxp/mcuxpressoide_11.4.1_6260/ide/plugins/com.nxp.mcuxpresso.tools.win32_11.4.0.202103011116/tools/bin/../lib/gcc/arm-none-eabi/10.2.1/../../../../arm-none-eabi/lib/thumb/v7e-m+dp/hard\libcr_c.a(_fflush.o)
                              c:/nxp/mcuxpressoide_11.4.1_6260/ide/plugins/com.nxp.mcuxpresso.tools.win32_11.4.0.202103011116/tools/bin/../lib/gcc/arm-none-eabi/10.2.1/../../../../arm-none-eabi/lib/thumb/v7e-m+dp/hard\libcr_c.a(_deferredlazyseek.o) (_fflush)
c:/nxp/mcuxpressoide_11.4.1_6260/ide/plugins/com.nxp.mcuxpresso.tools.win32_11.4.0.202103011116/tools/bin/../lib/gcc/arm-none-eabi/10.2.1/../../../../arm-none-eabi/lib/thumb/v7e-m+dp/hard\libcr_c.a(_writebuf.o)
                              c:/nxp/mcuxpressoide_11.4.1_6260/ide/plugins/com.nxp.mcuxpresso.tools.win32_11.4.0.202103011116/tools/bin/../lib/gcc/arm-none-eabi/10.2.1/../../../../arm-none-eabi/lib/thumb/v7e-m+dp/hard\libcr_c.a(_deferredlazyseek.o) (_Cwritebuf)
c:/nxp/mcuxpressoide_11.4.1_6260/ide/plugins/com.nxp.mcuxpresso.tools.win32_11.4.0.202103011116/tools/bin/../lib/gcc/arm-none-eabi/10.2.1/../../../../arm-none-eabi/lib/thumb/v7e-m+dp/hard\libcr_c.a(alloc.o)
                              ./drivers/fsl_common.o (malloc)
c:/nxp/mcuxpressoide_11.4.1_6260/ide/plugins/com.nxp.mcuxpresso.tools.win32_11.4.0.202103011116/tools/bin/../lib/gcc/arm-none-eabi/10.2.1/../../../../arm-none-eabi/lib/thumb/v7e-m+dp/hard\libcr_c.a(errno.o)
                              ./utilities/fsl_str.o (errno)
c:/nxp/mcuxpressoide_11.4.1_6260/ide/plugins/com.nxp.mcuxpresso.tools.win32_11.4.0.202103011116/tools/bin/../lib/gcc/arm-none-eabi/10.2.1/../../../../arm-none-eabi/lib/thumb/v7e-m+dp/hard\libcr_c.a(fputs.o)
                              c:/nxp/mcuxpressoide_11.4.1_6260/ide/plugins/com.nxp.mcuxpresso.tools.win32_11.4.0.202103011116/tools/bin/../lib/gcc/arm-none-eabi/10.2.1/../../../../arm-none-eabi/lib/thumb/v7e-m+dp/hard\libcr_nohost_nf.a(_cr_assert.o) (fputs)
c:/nxp/mcuxpressoide_11.4.1_6260/ide/plugins/com.nxp.mcuxpresso.tools.win32_11.4.0.202103011116/tools/bin/../lib/gcc/arm-none-eabi/10.2.1/../../../../arm-none-eabi/lib/thumb/v7e-m+dp/hard\libcr_c.a(fseek.o)
[...]
Memory Configuration

Name             Origin             Length             Attributes
BOARD_FLASH      0x60000000         0x007c0000         xr
SRAM_DTC         0x20000000         0x00020000         xrw
SRAM_ITC         0x00000000         0x00020000         xrw
SRAM_OC          0x20200000         0x000c0000         xrw
NCACHE_REGION    0x81e00000         0x00200000         xrw
*default*        0x00000000         0xffffffff

Linker script and memory map

LOAD ./utilities/fsl_debug_console.o
LOAD ./utilities/fsl_str.o
LOAD ./usb/phy/usb_phy.o
LOAD ./usb/device/source/ehci/usb_device_ehci.o
LOAD ./usb/device/source/usb_device_ch9.o
LOAD ./usb/device/source/usb_device_dci.o
LOAD ./usb/device/class/msc/usb_device_msc.o
LOAD ./usb/device/class/msc/usb_device_msc_ufi.o
LOAD ./usb/device/class/cdc/usb_device_cdc_acm.o
LOAD ./usb/device/class/usb_device_class.o
LOAD ./startup/startup_mimxrt1062.o
LOAD ./source/generated/usb_device_composite.o
LOAD ./source/generated/usb_device_descriptor.o
LOAD ./source/appnkey-firmware-dev01.o
LOAD ./source/semihost_hardfault.o
LOAD ./source/usb_device_interface_0_cic_vcom.o
LOAD ./source/usb_device_interface_2_msc_ram_disk.o
LOAD ./freertos/freertos_kernel/portable/MemMang/heap_4.o
LOAD ./freertos/freertos_kernel/portable/GCC/ARM_CM4F/port.o
LOAD ./freertos/freertos_kernel/croutine.o
LOAD ./freertos/freertos_kernel/event_groups.o
LOAD ./freertos/freertos_kernel/list.o
LOAD ./freertos/freertos_kernel/queue.o
LOAD ./freertos/freertos_kernel/stream_buffer.o
LOAD ./freertos/freertos_kernel/tasks.o
LOAD ./freertos/freertos_kernel/timers.o
LOAD ./drivers/fsl_clock.o
LOAD ./drivers/fsl_common.o
LOAD ./drivers/fsl_common_arm.o
LOAD ./drivers/fsl_gpio.o
LOAD ./drivers/fsl_lpuart.o
LOAD ./drivers/fsl_snvs_hp.o
LOAD ./drivers/fsl_snvs_lp.o
LOAD ./drivers/fsl_trng.o
LOAD ./drivers/fsl_usdhc.o
LOAD ./device/system_MIMXRT1062.o
LOAD ./component/uart/fsl_adapter_lpuart.o
LOAD ./component/serial_manager/fsl_component_serial_manager.o
LOAD ./component/serial_manager/fsl_component_serial_port_uart.o
LOAD ./component/osa/fsl_os_abstraction_free_rtos.o
LOAD ./component/lists/fsl_component_generic_list.o
LOAD ./board/board.o
LOAD ./board/clock_config.o
LOAD ./board/peripherals.o
LOAD ./board/pin_mux.o
START GROUP
LOAD c:/nxp/mcuxpressoide_11.4.1_6260/ide/plugins/com.nxp.mcuxpresso.tools.win32_11.4.0.202103011116/tools/bin/../lib/gcc/arm-none-eabi/10.2.1/../../../../arm-none-eabi/lib/thumb/v7e-m+dp/hard\libcr_nohost_nf.a
LOAD c:/nxp/mcuxpressoide_11.4.1_6260/ide/plugins/com.nxp.mcuxpresso.tools.win32_11.4.0.202103011116/tools/bin/../lib/gcc/arm-none-eabi/10.2.1/../../../../arm-none-eabi/lib/thumb/v7e-m+dp/hard\libcr_c.a
LOAD c:/nxp/mcuxpressoide_11.4.1_6260/ide/plugins/com.nxp.mcuxpresso.tools.win32_11.4.0.202103011116/tools/bin/../lib/gcc/arm-none-eabi/10.2.1/thumb/v7e-m+dp/hard\libcr_eabihelpers.a
LOAD c:/nxp/mcuxpressoide_11.4.1_6260/ide/plugins/com.nxp.mcuxpresso.tools.win32_11.4.0.202103011116/tools/bin/../lib/gcc/arm-none-eabi/10.2.1/thumb/v7e-m+dp/hard\libgcc.a
END GROUP
                0x60000000                __base_BOARD_FLASH = 0x60000000
                0x60000000                __base_Flash = 0x60000000
                0x607c0000                __top_BOARD_FLASH = 0x607c0000
                0x607c0000                __top_Flash = 0x607c0000
                0x20000000                __base_SRAM_DTC = 0x20000000
                0x20000000                __base_RAM = 0x20000000
                0x20020000                __top_SRAM_DTC = 0x20020000
                0x20020000                __top_RAM = 0x20020000
                0x00000000                __base_SRAM_ITC = 0x0
                0x00000000                __base_RAM2 = 0x0
                0x00020000                __top_SRAM_ITC = 0x20000
                0x00020000                __top_RAM2 = 0x20000
                0x20200000                __base_SRAM_OC = 0x20200000
                0x20200000                __base_RAM3 = 0x20200000
                0x202c0000                __top_SRAM_OC = 0x202c0000
                0x202c0000                __top_RAM3 = 0x202c0000
                0x81e00000                __base_NCACHE_REGION = 0x81e00000
                0x81e00000                __base_RAM4 = 0x81e00000
                0x82000000                __top_NCACHE_REGION = 0x82000000
                0x82000000                __top_RAM4 = 0x82000000

.boot_hdr       0x60000000     0x2000
 FILL mask 0xff
                0x60000000                __boot_hdr_start__ = ABSOLUTE (.)
 *(SORT_BY_ALIGNMENT(.boot_hdr.conf))
                0x00001000                . = 0x1000
 *fill*         0x60000000     0x1000 ff
 *(SORT_BY_ALIGNMENT(.boot_hdr.ivt))
                0x00001020                . = 0x1020
 *fill*         0x60001000       0x20 ff
 *(SORT_BY_ALIGNMENT(.boot_hdr.boot_data))
                0x00001030                . = 0x1030
 *fill*         0x60001020       0x10 ff
 *(SORT_BY_ALIGNMENT(.boot_hdr.dcd_data))
                0x60001030                __boot_hdr_end__ = ABSOLUTE (.)
                0x00002000                . = 0x2000
 *fill*         0x60001030      0xfd0 ff

.text           0x60002000     0xac14
 FILL mask 0xff
                0x60002000                __vectors_start__ = ABSOLUTE (.)
 *(SORT_BY_ALIGNMENT(.isr_vector))
 .isr_vector    0x60002000      0x2b8 ./startup/startup_mimxrt1062.o
                0x60002000                g_pfnVectors
                0x60002000                __Vectors
                0x600022b8                . = ALIGN (0x4)
                0x600022b8                __section_table_start = .
                0x600022b8                __data_section_table = .
                0x600022b8        0x4 LONG 0x6000cc14 LOADADDR (.data)
                0x600022bc        0x4 LONG 0x20000000 ADDR (.data)
                0x600022c0        0x4 LONG 0x1cc SIZEOF (.data)
                0x600022c4        0x4 LONG 0x6000cc14 LOADADDR (.data_RAM2)
                0x600022c8        0x4 LONG 0x0 ADDR (.data_RAM2)
                0x600022cc        0x4 LONG 0x0 SIZEOF (.data_RAM2)
                0x600022d0        0x4 LONG 0x6000cc14 LOADADDR (.data_RAM3)
                0x600022d4        0x4 LONG 0x20200000 ADDR (.data_RAM3)
                0x600022d8        0x4 LONG 0x0 SIZEOF (.data_RAM3)
                0x600022dc        0x4 LONG 0x6000cc14 LOADADDR (.data_RAM4)
                0x600022e0        0x4 LONG 0x81e00000 ADDR (.data_RAM4)
                0x600022e4        0x4 LONG 0x0 SIZEOF (.data_RAM4)
                0x600022e8                __data_section_table_end = .
                0x600022e8                __bss_section_table = .
                0x600022e8        0x4 LONG 0x20000800 ADDR (.bss)
                0x600022ec        0x4 LONG 0x978c SIZEOF (.bss)
                0x600022f0        0x4 LONG 0x0 ADDR (.bss_RAM2)
                0x600022f4        0x4 LONG 0x0 SIZEOF (.bss_RAM2)
                0x600022f8        0x4 LONG 0x20200000 ADDR (.bss_RAM3)
                0x600022fc        0x4 LONG 0x0 SIZEOF (.bss_RAM3)
                0x60002300        0x4 LONG 0x81e00000 ADDR (.bss_RAM4)
                0x60002304        0x4 LONG 0x0 SIZEOF (.bss_RAM4)
                0x60002308                __bss_section_table_end = .
                0x60002308                __section_table_end = .
 *(SORT_BY_ALIGNMENT(.after_vectors*))
 .after_vectors.reset
                0x60002308       0x54 ./startup/startup_mimxrt1062.o
                0x60002308                ResetISR
 .after_vectors.init_data
                0x6000235c       0x1e ./startup/startup_mimxrt1062.o
                0x6000235c                data_init
 .after_vectors.init_bss
                0x6000237a       0x12 ./startup/startup_mimxrt1062.o
                0x6000237a                bss_init
 .after_vectors
                0x6000238c       0x14 ./startup/startup_mimxrt1062.o
                0x6000238c                NMI_Handler
                0x60002390                MemManage_Handler
                0x60002392                BusFault_Handler
                0x60002394                UsageFault_Handler
                0x60002398                DebugMon_Handler
                0x6000239e                LPSPI2_DriverIRQHandler
                0x6000239e                LCDIF_DriverIRQHandler
                0x6000239e                SAI3_RX_DriverIRQHandler
                0x6000239e                CCM_2_DriverIRQHandler
                0x6000239e                PIT_DriverIRQHandler
                0x6000239e                PMU_EVENT_DriverIRQHandler
                0x6000239e                PWM4_FAULT_DriverIRQHandler
                0x6000239e                DMA13_DMA29_DriverIRQHandler
                0x6000239e                FLEXRAM_DriverIRQHandler
                0x6000239e                LPSPI4_DriverIRQHandler
                0x6000239e                SEMC_DriverIRQHandler
                0x6000239e                SPDIF_DriverIRQHandler
                0x6000239e                PWM4_3_DriverIRQHandler
                0x6000239e                ENET2_DriverIRQHandler
                0x6000239e                KPP_DriverIRQHandler
                0x6000239e                USB_PHY1_DriverIRQHandler
                0x6000239e                GPIO3_Combined_0_15_DriverIRQHandler
                0x6000239e                CAN3_DriverIRQHandler
                0x6000239e                Reserved171_DriverIRQHandler
                0x6000239e                DMA7_DMA23_DriverIRQHandler
                0x6000239e                BEE_DriverIRQHandler
                0x6000239e                LPI2C3_DriverIRQHandler
                0x6000239e                GPR_IRQ_DriverIRQHandler
                0x6000239e                PWM2_FAULT_DriverIRQHandler
                0x6000239e                PWM3_1_DriverIRQHandler
                0x6000239e                DMA14_DMA30_DriverIRQHandler
                0x6000239e                TMR1_DriverIRQHandler
                0x6000239e                TRNG_DriverIRQHandler
                0x6000239e                PWM3_2_DriverIRQHandler
                0x6000239e                ENET_1588_Timer_DriverIRQHandler
                0x6000239e                FLEXIO2_DriverIRQHandler
                0x6000239e                GPIO2_Combined_16_31_DriverIRQHandler
                0x6000239e                Reserved143_DriverIRQHandler
                0x6000239e                FLEXSPI2_DriverIRQHandler
                0x6000239e                PWM4_1_DriverIRQHandler
                0x6000239e                PWM3_3_DriverIRQHandler
                0x6000239e                DMA0_DMA16_DriverIRQHandler
                0x6000239e                IntDefaultHandler
                0x6000239e                DMA2_DMA18_DriverIRQHandler
                0x6000239e                SRC_DriverIRQHandler
                0x6000239e                GPIO1_INT4_DriverIRQHandler
                0x6000239e                Reserved144_DriverIRQHandler
                0x6000239e                ENC3_DriverIRQHandler
                0x6000239e                PWM3_FAULT_DriverIRQHandler
                0x6000239e                Reserved87_DriverIRQHandler
                0x6000239e                TSC_DIG_DriverIRQHandler
                0x6000239e                WDOG1_DriverIRQHandler
                0x6000239e                FLEXIO1_DriverIRQHandler
                0x6000239e                ENET_DriverIRQHandler
                0x6000239e                Reserved78_DriverIRQHandler
                0x6000239e                TMR4_DriverIRQHandler
                0x6000239e                ENC2_DriverIRQHandler
                0x6000239e                ADC_ETC_IRQ2_DriverIRQHandler
                0x6000239e                GPIO1_Combined_16_31_DriverIRQHandler
                0x6000239e                GPIO1_INT7_DriverIRQHandler
                0x6000239e                SAI1_DriverIRQHandler
                0x6000239e                DCDC_DriverIRQHandler
                0x6000239e                DMA12_DMA28_DriverIRQHandler
                0x6000239e                PWM4_0_DriverIRQHandler
                0x6000239e                ADC_ETC_ERROR_IRQ_DriverIRQHandler
                0x6000239e                ACMP2_DriverIRQHandler
                0x6000239e                GPIO5_Combined_0_15_DriverIRQHandler
                0x6000239e                GPIO1_INT0_DriverIRQHandler
                0x6000239e                GPIO1_INT2_DriverIRQHandler
                0x6000239e                RTWDOG_DriverIRQHandler
                0x6000239e                FLEXSPI_DriverIRQHandler
                0x6000239e                GPT2_DriverIRQHandler
                0x6000239e                USB_PHY2_DriverIRQHandler
                0x6000239e                DMA10_DMA26_DriverIRQHandler
                0x6000239e                PWM2_1_DriverIRQHandler
                0x6000239e                PWM1_1_DriverIRQHandler
                0x6000239e                PXP_DriverIRQHandler
                0x6000239e                ADC1_DriverIRQHandler
                0x6000239e                PWM1_0_DriverIRQHandler
                0x6000239e                SJC_DriverIRQHandler
                0x6000239e                DMA1_DMA17_DriverIRQHandler
                0x6000239e                ENC1_DriverIRQHandler
                0x6000239e                ENC4_DriverIRQHandler
                0x6000239e                CAN2_DriverIRQHandler
                0x6000239e                DCP_DriverIRQHandler
                0x6000239e                CTI0_ERROR_DriverIRQHandler
                0x6000239e                DMA8_DMA24_DriverIRQHandler
                0x6000239e                GPT1_DriverIRQHandler
                0x6000239e                ACMP3_DriverIRQHandler
                0x6000239e                DMA6_DMA22_DriverIRQHandler
                0x6000239e                CSU_DriverIRQHandler
                0x6000239e                GPIO1_INT5_DriverIRQHandler
                0x6000239e                TMR3_DriverIRQHandler
                0x6000239e                TMR2_DriverIRQHandler
                0x6000239e                CTI1_ERROR_DriverIRQHandler
                0x6000239e                GPIO1_Combined_0_15_DriverIRQHandler
                0x6000239e                PWM4_2_DriverIRQHandler
                0x6000239e                EWM_DriverIRQHandler
                0x6000239e                SAI2_DriverIRQHandler
                0x6000239e                CORE_DriverIRQHandler
                0x6000239e                DMA11_DMA27_DriverIRQHandler
                0x6000239e                CSI_DriverIRQHandler
                0x6000239e                PWM2_3_DriverIRQHandler
                0x6000239e                XBAR1_IRQ_2_3_DriverIRQHandler
                0x6000239e                SNVS_HP_WRAPPER_TZ_DriverIRQHandler
                0x6000239e                GPIO3_Combined_16_31_DriverIRQHandler
                0x6000239e                PWM1_FAULT_DriverIRQHandler
                0x6000239e                LPI2C1_DriverIRQHandler
                0x6000239e                ENET2_1588_Timer_DriverIRQHandler
                0x6000239e                PWM2_2_DriverIRQHandler
                0x6000239e                DMA4_DMA20_DriverIRQHandler
                0x6000239e                DMA9_DMA25_DriverIRQHandler
                0x6000239e                SNVS_HP_WRAPPER_DriverIRQHandler
                0x6000239e                XBAR1_IRQ_0_1_DriverIRQHandler
                0x6000239e                ADC_ETC_IRQ1_DriverIRQHandler
                0x6000239e                LPSPI1_DriverIRQHandler
                0x6000239e                DMA3_DMA19_DriverIRQHandler
                0x6000239e                GPIO1_INT3_DriverIRQHandler
                0x6000239e                DCP_VMI_DriverIRQHandler
                0x6000239e                LPI2C4_DriverIRQHandler
                0x6000239e                GPC_DriverIRQHandler
                0x6000239e                GPIO2_Combined_0_15_DriverIRQHandler
                0x6000239e                PWM1_2_DriverIRQHandler
                0x6000239e                USB_OTG1_DriverIRQHandler
                0x6000239e                TEMP_LOW_HIGH_DriverIRQHandler
                0x6000239e                SAI3_TX_DriverIRQHandler
                0x6000239e                FLEXIO3_DriverIRQHandler
                0x6000239e                WDOG2_DriverIRQHandler
                0x6000239e                Reserved68_DriverIRQHandler
                0x6000239e                PWM3_0_DriverIRQHandler
                0x6000239e                GPIO4_Combined_0_15_DriverIRQHandler
                0x6000239e                GPIO4_Combined_16_31_DriverIRQHandler
                0x6000239e                GPIO6_7_8_9_DriverIRQHandler
                0x6000239e                GPIO5_Combined_16_31_DriverIRQHandler
                0x6000239e                DMA5_DMA21_DriverIRQHandler
                0x6000239e                CCM_1_DriverIRQHandler
                0x6000239e                ADC2_DriverIRQHandler
                0x6000239e                Reserved115_DriverIRQHandler
                0x6000239e                TEMP_PANIC_DriverIRQHandler
                0x6000239e                ACMP4_DriverIRQHandler
                0x6000239e                DMA15_DMA31_DriverIRQHandler
                0x6000239e                LPSPI3_DriverIRQHandler
                0x6000239e                PWM1_3_DriverIRQHandler
                0x6000239e                ACMP1_DriverIRQHandler
                0x6000239e                LPI2C2_DriverIRQHandler
                0x6000239e                Reserved86_DriverIRQHandler
                0x6000239e                DMA_ERROR_DriverIRQHandler
                0x6000239e                ADC_ETC_IRQ0_DriverIRQHandler
                0x6000239e                CAN1_DriverIRQHandler
                0x6000239e                GPIO1_INT6_DriverIRQHandler
                0x6000239e                GPIO1_INT1_DriverIRQHandler
                0x6000239e                PWM2_0_DriverIRQHandler
                0x6000239e                SNVS_LP_WRAPPER_DriverIRQHandler
                0x6000239e                USB_OTG2_DriverIRQHandler
 *(SORT_BY_ALIGNMENT(.text*))
 .text.SVC_Handler
                0x600023a0       0x28 ./freertos/freertos_kernel/portable/GCC/ARM_CM4F/port.o
                0x600023a0                SVC_Handler
 *fill*         0x600023c8        0x8 ff
 .text.PendSV_Handler
                0x600023d0       0x68 ./freertos/freertos_kernel/portable/GCC/ARM_CM4F/port.o
                0x600023d0                PendSV_Handler
 .text.DbgConsole_SendDataReliable
                0x60002438       0x38 ./utilities/fsl_debug_console.o
                0x60002438                DbgConsole_SendDataReliable
 .text.DbgConsole_Init
                0x60002470       0x9c ./utilities/fsl_debug_console.o
                0x60002470                DbgConsole_Init
 .text.DbgConsole_Printf
                0x6000250c       0x44 ./utilities/fsl_debug_console.o
                0x6000250c                DbgConsole_Printf
 .text.USB_EhciPhyGetBase
                0x60002550       0x8c ./usb/phy/usb_phy.o
                0x60002550                USB_EhciPhyGetBase
 .text.USB_EhciPhyInit
                0x600025dc       0x90 ./usb/phy/usb_phy.o
                0x600025dc                USB_EhciPhyInit
 .text.USB_DeviceEhciTransfer
                0x6000266c      0x264 ./usb/device/source/ehci/usb_device_ehci.o
 .text.USB_EhciGetValidEhciState
                0x600028d0       0x34 ./usb/device/source/ehci/usb_device_ehci.o
 .text.USB_DeviceEhciInit
                0x60002904       0xbc ./usb/device/source/ehci/usb_device_ehci.o
                0x60002904                USB_DeviceEhciInit
 .text.USB_DeviceEhciDeinit
                0x600029c0       0x54 ./usb/device/source/ehci/usb_device_ehci.o
                0x600029c0                USB_DeviceEhciDeinit
 .text.USB_DeviceControlCallback
                0x60002a14      0x248 ./usb/device/source/usb_device_ch9.o
 .text.USB_DeviceControlPipeInit
                0x60002c5c       0x60 ./usb/device/source/usb_device_ch9.o
                0x60002c5c                USB_DeviceControlPipeInit
 .text.USB_DeviceAllocateHandle
                0x60002cbc       0x80 ./usb/device/source/usb_device_dci.o
 .text.USB_DeviceGetControllerInterface
                0x60002d3c       0x18 ./usb/device/source/usb_device_dci.o
 .text.USB_DeviceMscAllocateHandle
                0x60002d54       0x8c ./usb/device/class/msc/usb_device_msc.o
 .text.USB_DeviceMscBulkIn
                0x60002de0      0x174 ./usb/device/class/msc/usb_device_msc.o
 .text.USB_DeviceMscBulkOut
                0x60002f54      0x288 ./usb/device/class/msc/usb_device_msc.o
 .text.USB_DeviceMscEndpointsInit
                0x600031dc      0x120 ./usb/device/class/msc/usb_device_msc.o
                0x600031dc                USB_DeviceMscEndpointsInit
 .text.USB_DeviceMscUfiReadFormatCapacityCommand
                0x600032fc      0x174 ./usb/device/class/msc/usb_device_msc_ufi.o
                0x600032fc                USB_DeviceMscUfiReadFormatCapacityCommand
 .text.USB_DeviceCdcAcmAllocateHandle
                0x60003470       0x2c ./usb/device/class/cdc/usb_device_cdc_acm.o
 .text.USB_DeviceCdcAcmEndpointsInit
                0x6000349c      0x1e8 ./usb/device/class/cdc/usb_device_cdc_acm.o
 .text.USB_DeviceClassAllocateHandle
                0x60003684       0x70 ./usb/device/class/usb_device_class.o
 .text.USB_DeviceClassFreeHandle
                0x600036f4       0x50 ./usb/device/class/usb_device_class.o
 .text.USB_DeviceClassGetHandleByControllerId
                0x60003744       0x48 ./usb/device/class/usb_device_class.o
 .text.USB_DeviceClassGetHandleByDeviceHandle
                0x6000378c       0x40 ./usb/device/class/usb_device_class.o
 .text.USB_DeviceClassGetDeviceHandle
                0x600037cc       0x48 ./usb/device/class/usb_device_class.o
                0x600037cc                USB_DeviceClassGetDeviceHandle
 .text.USB_DeviceClassEvent
                0x60003814       0x88 ./usb/device/class/usb_device_class.o
                0x60003814                USB_DeviceClassEvent
 .text.USB_DeviceClassInit
                0x6000389c       0xb0 ./usb/device/class/usb_device_class.o
                0x6000389c                USB_DeviceClassInit
 .text.__NVIC_EnableIRQ
                0x6000394c       0x3c ./source/generated/usb_device_composite.o
 .text.__NVIC_SetPriority
                0x60003988       0x54 ./source/generated/usb_device_composite.o
 .text.USB_OTG1_IRQHandler
                0x600039dc       0x14 ./source/generated/usb_device_composite.o
                0x600039dc                USB_OTG1_IRQHandler
 .text.USB_DeviceClockInit
                0x600039f0       0x3c ./source/generated/usb_device_composite.o
 .text.USB_DeviceCallback
                0x60003a2c      0x134 ./source/generated/usb_device_composite.o
 .text.USB_UpdateInterfaceSetting
                0x60003b60       0x40 ./source/generated/usb_device_composite.o
 .text.USB_DeviceApplicationInit
                0x60003ba0       0x64 ./source/generated/usb_device_composite.o
                0x60003ba0                USB_DeviceApplicationInit
 .text.USB_DeviceGetDeviceDescriptor
                0x60003c04       0x10 ./source/generated/usb_device_descriptor.o
                0x60003c04                USB_DeviceGetDeviceDescriptor
 .text.USB_DeviceGetConfigurationDescriptor
                0x60003c14       0x18 ./source/generated/usb_device_descriptor.o
                0x60003c14                USB_DeviceGetConfigurationDescriptor
 .text.USB_DeviceGetStringDescriptor
                0x60003c2c       0x6c ./source/generated/usb_device_descriptor.o
                0x60003c2c                USB_DeviceGetStringDescriptor
 .text.USB_DeviceSetSpeed
                0x60003c98       0x94 ./source/generated/usb_device_descriptor.o
                0x60003c98                USB_DeviceSetSpeed
 .text.GPIO_PinRead
                0x60003d2c       0x1c ./source/appnkey-firmware-dev01.o
 .text.main     0x60003d48       0x9c ./source/appnkey-firmware-dev01.o
                0x60003d48                main
 .text.appHelloTask
                0x60003de4       0x40 ./source/appnkey-firmware-dev01.o
 .text.USB_DeviceInterface0CicVcomTask
                0x60003e24       0x84 ./source/usb_device_interface_0_cic_vcom.o
                0x60003e24                USB_DeviceInterface0CicVcomTask
 .text.USB_DeviceInterface0CicVcomCallback
                0x60003ea8      0x24c ./source/usb_device_interface_0_cic_vcom.o
                0x60003ea8                USB_DeviceInterface0CicVcomCallback
 .text.USB_DeviceInterface0CicVcomSetConfiguration
                0x600040f4       0x24 ./source/usb_device_interface_0_cic_vcom.o
                0x600040f4                USB_DeviceInterface0CicVcomSetConfiguration
 .text.USB_DeviceInterface0CicVcomInit
                0x60004118       0x18 ./source/usb_device_interface_0_cic_vcom.o
                0x60004118                USB_DeviceInterface0CicVcomInit
 .text.USB_DeviceInterface2MscRamDiskCallback
                0x60004130       0xa0 ./source/usb_device_interface_2_msc_ram_disk.o
                0x60004130                USB_DeviceInterface2MscRamDiskCallback
 .text.pvPortMalloc
                0x600041d0      0x1c0 ./freertos/freertos_kernel/portable/MemMang/heap_4.o
                0x600041d0                pvPortMalloc
 .text.vPortFree
                0x60004390       0xc4 ./freertos/freertos_kernel/portable/MemMang/heap_4.o
                0x60004390                vPortFree
 .text.prvHeapInit
                0x60004454       0xc4 ./freertos/freertos_kernel/portable/MemMang/heap_4.o
 .text.prvInsertBlockIntoFreeList
                0x60004518       0xb4 ./freertos/freertos_kernel/portable/MemMang/heap_4.o
 .text.pxPortInitialiseStack
                0x600045cc       0x68 ./freertos/freertos_kernel/portable/GCC/ARM_CM4F/port.o
                0x600045cc                pxPortInitialiseStack
 .text.prvTaskExitError
                0x60004634       0x58 ./freertos/freertos_kernel/portable/GCC/ARM_CM4F/port.o
 .text.prvPortStartFirstTask
                0x6000468c       0x2c ./freertos/freertos_kernel/portable/GCC/ARM_CM4F/port.o
 .text.xPortStartScheduler
                0x600046b8      0x144 ./freertos/freertos_kernel/portable/GCC/ARM_CM4F/port.o
                0x600046b8                xPortStartScheduler
 .text.vPortEnterCritical
                0x600047fc       0x60 ./freertos/freertos_kernel/portable/GCC/ARM_CM4F/port.o
                0x600047fc                vPortEnterCritical
 .text.vPortExitCritical
                0x6000485c       0x54 ./freertos/freertos_kernel/portable/GCC/ARM_CM4F/port.o
                0x6000485c                vPortExitCritical
 .text.SysTick_Handler
                0x600048b0       0x44 ./freertos/freertos_kernel/portable/GCC/ARM_CM4F/port.o
                0x600048b0                SysTick_Handler
 .text.vPortSetupTimerInterrupt
                0x600048f4       0x48 ./freertos/freertos_kernel/portable/GCC/ARM_CM4F/port.o
                0x600048f4                vPortSetupTimerInterrupt
 .text.vPortEnableVFP
                0x6000493c       0x18 ./freertos/freertos_kernel/portable/GCC/ARM_CM4F/port.o
 .text.vPortValidateInterruptPriority
                0x60004954       0x80 ./freertos/freertos_kernel/portable/GCC/ARM_CM4F/port.o
                0x60004954                vPortValidateInterruptPriority
 .text.xQueueGenericReset
                0x600049d4       0xd0 ./freertos/freertos_kernel/queue.o
                0x600049d4                xQueueGenericReset
 .text.xQueueGenericSend
                0x60004aa4      0x1fc ./freertos/freertos_kernel/queue.o
                0x60004aa4                xQueueGenericSend
 .text.xQueueReceive
                0x60004ca0      0x1c0 ./freertos/freertos_kernel/queue.o
                0x60004ca0                xQueueReceive
 .text.vQueueAddToRegistry
                0x60004e60       0x54 ./freertos/freertos_kernel/queue.o
                0x60004e60                vQueueAddToRegistry
 .text.vQueueUnregisterQueue
                0x60004eb4       0x54 ./freertos/freertos_kernel/queue.o
                0x60004eb4                vQueueUnregisterQueue
 .text.prvAddNewTaskToReadyList
                0x60004f08       0xdc ./freertos/freertos_kernel/tasks.o
 .text.vTaskDelay
                0x60004fe4       0x68 ./freertos/freertos_kernel/tasks.o
                0x60004fe4                vTaskDelay
 .text.vTaskStartScheduler
                0x6000504c       0xa4 ./freertos/freertos_kernel/tasks.o
                0x6000504c                vTaskStartScheduler
 .text.vTaskSuspendAll
                0x600050f0       0x1c ./freertos/freertos_kernel/tasks.o
                0x600050f0                vTaskSuspendAll
 .text.xTaskResumeAll
                0x6000510c      0x138 ./freertos/freertos_kernel/tasks.o
                0x6000510c                xTaskResumeAll
 .text.xTaskGetTickCount
                0x60005244       0x20 ./freertos/freertos_kernel/tasks.o
                0x60005244                xTaskGetTickCount
 .text.xTaskIncrementTick
                0x60005264      0x154 ./freertos/freertos_kernel/tasks.o
                0x60005264                xTaskIncrementTick
 .text.vTaskSwitchContext
                0x600053b8       0xb8 ./freertos/freertos_kernel/tasks.o
                0x600053b8                vTaskSwitchContext
 .text.vTaskPlaceOnEventList
                0x60005470       0x48 ./freertos/freertos_kernel/tasks.o
                0x60005470                vTaskPlaceOnEventList
 .text.vTaskPlaceOnEventListRestricted
                0x600054b8       0x58 ./freertos/freertos_kernel/tasks.o
                0x600054b8                vTaskPlaceOnEventListRestricted
 .text.xTaskRemoveFromEventList
                0x60005510       0xc4 ./freertos/freertos_kernel/tasks.o
                0x60005510                xTaskRemoveFromEventList
 .text.vTaskInternalSetTimeOutState
                0x600055d4       0x2c ./freertos/freertos_kernel/tasks.o
                0x600055d4                vTaskInternalSetTimeOutState
 .text.xTaskCheckForTimeOut
                0x60005600       0xcc ./freertos/freertos_kernel/tasks.o
                0x60005600                xTaskCheckForTimeOut
 .text.vTaskMissedYield
                0x600056cc       0x18 ./freertos/freertos_kernel/tasks.o
                0x600056cc                vTaskMissedYield
 .text.prvIdleTask
                0x600056e4       0x30 ./freertos/freertos_kernel/tasks.o
 .text.prvInitialiseTaskLists
                0x60005714       0x80 ./freertos/freertos_kernel/tasks.o
 .text.prvCheckTasksWaitingTermination
                0x60005794       0x5c ./freertos/freertos_kernel/tasks.o
 .text.prvResetNextTaskUnblockTime
                0x600057f0       0x38 ./freertos/freertos_kernel/tasks.o
 .text.xTaskGetSchedulerState
                0x60005828       0x3c ./freertos/freertos_kernel/tasks.o
                0x60005828                xTaskGetSchedulerState
 .text.xTaskPriorityDisinherit
                0x60005864       0xf4 ./freertos/freertos_kernel/tasks.o
                0x60005864                xTaskPriorityDisinherit
 .text.prvAddCurrentTaskToDelayedList
                0x60005958       0xcc ./freertos/freertos_kernel/tasks.o
 .text.xTimerCreateTimerTask
                0x60005a24       0x64 ./freertos/freertos_kernel/timers.o
                0x60005a24                xTimerCreateTimerTask
 .text.xTimerGenericCommand
                0x60005a88       0x9c ./freertos/freertos_kernel/timers.o
                0x60005a88                xTimerGenericCommand
 .text.prvProcessExpiredTimer
                0x60005b24       0x98 ./freertos/freertos_kernel/timers.o
 .text.prvProcessTimerOrBlockTask
                0x60005bbc       0x9c ./freertos/freertos_kernel/timers.o
 .text.prvGetNextExpireTime
                0x60005c58       0x48 ./freertos/freertos_kernel/timers.o
 .text.prvSampleTimeNow
                0x60005ca0       0x40 ./freertos/freertos_kernel/timers.o
 .text.prvInsertTimerInActiveList
                0x60005ce0       0x84 ./freertos/freertos_kernel/timers.o
 .text.prvProcessReceivedCommands
                0x60005d64      0x1c4 ./freertos/freertos_kernel/timers.o
 .text.prvSwitchTimerLists
                0x60005f28       0xc8 ./freertos/freertos_kernel/timers.o
 .text.prvCheckForValidListAndQueue
                0x60005ff0       0x6c ./freertos/freertos_kernel/timers.o
 .text.CLOCK_GetOscFreq
                0x6000605c       0x24 ./drivers/fsl_clock.o
 .text.CLOCK_InitExternalClk
                0x60006080       0x4c ./drivers/fsl_clock.o
                0x60006080                CLOCK_InitExternalClk
 .text.CLOCK_SwitchOsc
                0x600060cc       0x1c ./drivers/fsl_clock.o
                0x600060cc                CLOCK_SwitchOsc
 .text.CLOCK_InitRcOsc24M
                0x600060e8       0x14 ./drivers/fsl_clock.o
                0x600060e8                CLOCK_InitRcOsc24M
 .text.CLOCK_EnableUsbhs0Clock
                0x600060fc       0x54 ./drivers/fsl_clock.o
                0x600060fc                CLOCK_EnableUsbhs0Clock
 .text.CLOCK_EnableUsbhs0PhyPllClock
                0x60006150       0x4c ./drivers/fsl_clock.o
                0x60006150                CLOCK_EnableUsbhs0PhyPllClock
 .text.CLOCK_InitArmPll
                0x6000619c       0x48 ./drivers/fsl_clock.o
                0x6000619c                CLOCK_InitArmPll
 .text.CLOCK_InitSysPll
                0x600061e4       0x6c ./drivers/fsl_clock.o
                0x600061e4                CLOCK_InitSysPll
 .text.CLOCK_InitUsb1Pll
                0x60006250       0x48 ./drivers/fsl_clock.o
                0x60006250                CLOCK_InitUsb1Pll
 .text.CLOCK_DeinitUsb2Pll
                0x60006298        0xc ./drivers/fsl_clock.o
                0x60006298                CLOCK_DeinitUsb2Pll
 .text.CLOCK_DeinitAudioPll
                0x600062a4       0x10 ./drivers/fsl_clock.o
                0x600062a4                CLOCK_DeinitAudioPll
 .text.CLOCK_DeinitVideoPll
                0x600062b4       0x10 ./drivers/fsl_clock.o
                0x600062b4                CLOCK_DeinitVideoPll
 .text.CLOCK_InitEnetPll
                0x600062c4       0x7c ./drivers/fsl_clock.o
                0x600062c4                CLOCK_InitEnetPll
 .text.CLOCK_GetPllFreq
                0x60006340      0x238 ./drivers/fsl_clock.o
                0x60006340                CLOCK_GetPllFreq
 .text.CLOCK_InitSysPfd
                0x60006578       0x34 ./drivers/fsl_clock.o
                0x60006578                CLOCK_InitSysPfd
 .text.CLOCK_InitUsb1Pfd
                0x600065ac       0x34 ./drivers/fsl_clock.o
                0x600065ac                CLOCK_InitUsb1Pfd
 .text.SDK_DelayAtLeastUs
                0x600065e0       0x38 ./drivers/fsl_common_arm.o
                0x600065e0                SDK_DelayAtLeastUs
 .text.GPIO_PinWrite
                0x60006618       0x2c ./drivers/fsl_gpio.o
                0x60006618                GPIO_PinWrite
 .text.CLOCK_ControlGate
                0x60006644       0x34 ./drivers/fsl_lpuart.o
 .text.LPUART_GetInstance
                0x60006678       0x2c ./drivers/fsl_lpuart.o
                0x60006678                LPUART_GetInstance
 .text.LPUART_Init
                0x600066a4      0x1e8 ./drivers/fsl_lpuart.o
                0x600066a4                LPUART_Init
 .text.LPUART_GetDefaultConfig
                0x6000688c       0x40 ./drivers/fsl_lpuart.o
                0x6000688c                LPUART_GetDefaultConfig
 .text.LPUART_WriteBlocking
                0x600068cc       0x30 ./drivers/fsl_lpuart.o
                0x600068cc                LPUART_WriteBlocking
 .text.LPUART1_DriverIRQHandler
                0x600068fc       0x20 ./drivers/fsl_lpuart.o
                0x600068fc                LPUART1_DriverIRQHandler
 .text.LPUART2_DriverIRQHandler
                0x6000691c       0x20 ./drivers/fsl_lpuart.o
                0x6000691c                LPUART2_DriverIRQHandler
 .text.LPUART3_DriverIRQHandler
                0x6000693c       0x20 ./drivers/fsl_lpuart.o
                0x6000693c                LPUART3_DriverIRQHandler
 .text.LPUART4_DriverIRQHandler
                0x6000695c       0x20 ./drivers/fsl_lpuart.o
                0x6000695c                LPUART4_DriverIRQHandler
 .text.LPUART5_DriverIRQHandler
                0x6000697c       0x20 ./drivers/fsl_lpuart.o
                0x6000697c                LPUART5_DriverIRQHandler
 .text.LPUART6_DriverIRQHandler
                0x6000699c       0x20 ./drivers/fsl_lpuart.o
                0x6000699c                LPUART6_DriverIRQHandler
 .text.LPUART7_DriverIRQHandler
                0x600069bc       0x20 ./drivers/fsl_lpuart.o
                0x600069bc                LPUART7_DriverIRQHandler
 .text.LPUART8_DriverIRQHandler
                0x600069dc       0x20 ./drivers/fsl_lpuart.o
                0x600069dc                LPUART8_DriverIRQHandler
 .text.SNVS_LP_SRTC_Init
                0x600069fc       0x48 ./drivers/fsl_snvs_lp.o
                0x600069fc                SNVS_LP_SRTC_Init
 .text.USDHC1_DriverIRQHandler
                0x60006a44       0x20 ./drivers/fsl_usdhc.o
                0x60006a44                USDHC1_DriverIRQHandler
 .text.USDHC2_DriverIRQHandler
                0x60006a64       0x20 ./drivers/fsl_usdhc.o
                0x60006a64                USDHC2_DriverIRQHandler
 .text.SystemInit
                0x60006a84      0x168 ./device/system_MIMXRT1062.o
                0x60006a84                SystemInit
 .text.HAL_UartInitCommon
                0x60006bec       0x78 ./component/uart/fsl_adapter_lpuart.o
 .text.HAL_UartInit
                0x60006c64       0x50 ./component/uart/fsl_adapter_lpuart.o
                0x60006c64                HAL_UartInit
 .text.HAL_UartSendBlocking
                0x60006cb4       0x3c ./component/uart/fsl_adapter_lpuart.o
                0x60006cb4                HAL_UartSendBlocking
 .text.OSA_MutexCreate
                0x60006cf0       0x24 ./component/osa/fsl_os_abstraction_free_rtos.o
                0x60006cf0                OSA_MutexCreate
 .text.OSA_MutexDestroy
                0x60006d14       0x18 ./component/osa/fsl_os_abstraction_free_rtos.o
                0x60006d14                OSA_MutexDestroy
 .text.ARM_MPU_Enable
                0x60006d2c       0x40 ./board/board.o
 .text.ARM_MPU_Disable
                0x60006d6c       0x34 ./board/board.o
 .text.CLOCK_GetMux
                0x60006da0       0x1c ./board/board.o
 .text.CLOCK_GetDiv
                0x60006dbc       0x1c ./board/board.o
 .text.CLOCK_GetOscFreq
                0x60006dd8       0x24 ./board/board.o
 .text.BOARD_DebugConsoleSrcFreq
                0x60006dfc       0x4c ./board/board.o
                0x60006dfc                BOARD_DebugConsoleSrcFreq
 .text.BOARD_ConfigMPU
                0x60006e48      0x25c ./board/board.o
                0x60006e48                BOARD_ConfigMPU
 .text.CLOCK_SetMux
                0x600070a4       0x50 ./board/clock_config.o
 .text.CLOCK_SetDiv
                0x600070f4       0x54 ./board/clock_config.o
 .text.CLOCK_ControlGate
                0x60007148       0x34 ./board/clock_config.o
 .text.CLOCK_SetXtalFreq
                0x6000717c        0xc ./board/clock_config.o
 .text.CLOCK_SetRtcXtalFreq
                0x60007188        0xc ./board/clock_config.o
 .text.IOMUXC_MQSConfig
                0x60007194       0x20 ./board/clock_config.o
 .text.BOARD_BootClockRUN
                0x600071b4      0x618 ./board/clock_config.o
                0x600071b4                BOARD_BootClockRUN
 .text.SNVS_init
                0x600077cc       0x14 ./board/peripherals.o
 .text.LPUART1_init
                0x600077e0       0x1c ./board/peripherals.o
 .text.CLOCK_ControlGate
                0x600077fc       0x34 ./board/pin_mux.o
 .text.BOARD_InitPins
                0x60007830       0x90 ./board/pin_mux.o
                0x60007830                BOARD_InitPins
 .text.__assertion_failed
                0x600078c0       0x4c c:/nxp/mcuxpressoide_11.4.1_6260/ide/plugins/com.nxp.mcuxpresso.tools.win32_11.4.0.202103011116/tools/bin/../lib/gcc/arm-none-eabi/10.2.1/../../../../arm-none-eabi/lib/thumb/v7e-m+dp/hard\libcr_nohost_nf.a(_cr_assert.o)
                0x600078c0                __assertion_failed
 .text._Cwritebuf
                0x6000790c       0x6c c:/nxp/mcuxpressoide_11.4.1_6260/ide/plugins/com.nxp.mcuxpresso.tools.win32_11.4.0.202103011116/tools/bin/../lib/gcc/arm-none-eabi/10.2.1/../../../../arm-none-eabi/lib/thumb/v7e-m+dp/hard\libcr_c.a(_writebuf.o)
                0x6000790c                _Cwritebuf
 .text.malloc   0x60007978       0xc8 c:/nxp/mcuxpressoide_11.4.1_6260/ide/plugins/com.nxp.mcuxpresso.tools.win32_11.4.0.202103011116/tools/bin/../lib/gcc/arm-none-eabi/10.2.1/../../../../arm-none-eabi/lib/thumb/v7e-m+dp/hard\libcr_c.a(alloc.o)
                0x60007978                malloc
 .text._Csys_alloc
                0x60007a40       0x20 c:/nxp/mcuxpressoide_11.4.1_6260/ide/plugins/com.nxp.mcuxpresso.tools.win32_11.4.0.202103011116/tools/bin/../lib/gcc/arm-none-eabi/10.2.1/../../../../arm-none-eabi/lib/thumb/v7e-m+dp/hard\libcr_c.a(alloc.o)
                0x60007a40                _Csys_alloc
 .text.fseek    0x60007a60      0x100 c:/nxp/mcuxpressoide_11.4.1_6260/ide/plugins/com.nxp.mcuxpresso.tools.win32_11.4.0.202103011116/tools/bin/../lib/gcc/arm-none-eabi/10.2.1/../../../../arm-none-eabi/lib/thumb/v7e-m+dp/hard\libcr_c.a(fseek.o)
                0x60007a60                fseek
 .text.ftell    0x60007b60       0x44 c:/nxp/mcuxpressoide_11.4.1_6260/ide/plugins/com.nxp.mcuxpresso.tools.win32_11.4.0.202103011116/tools/bin/../lib/gcc/arm-none-eabi/10.2.1/../../../../arm-none-eabi/lib/thumb/v7e-m+dp/hard\libcr_c.a(ftell.o)
                0x60007b60                ftell
 .text._initio  0x60007ba4       0x78 c:/nxp/mcuxpressoide_11.4.1_6260/ide/plugins/com.nxp.mcuxpresso.tools.win32_11.4.0.202103011116/tools/bin/../lib/gcc/arm-none-eabi/10.2.1/../../../../arm-none-eabi/lib/thumb/v7e-m+dp/hard\libcr_c.a(initio.o)
                0x60007ba4                _initio
 .text._sbrk    0x60007c1c       0x3c c:/nxp/mcuxpressoide_11.4.1_6260/ide/plugins/com.nxp.mcuxpresso.tools.win32_11.4.0.202103011116/tools/bin/../lib/gcc/arm-none-eabi/10.2.1/../../../../arm-none-eabi/lib/thumb/v7e-m+dp/hard\libcr_c.a(_cr_sbrk.o)
                0x60007c1c                _sbrk
 .text.fflush   0x60007c58       0x3c c:/nxp/mcuxpressoide_11.4.1_6260/ide/plugins/com.nxp.mcuxpresso.tools.win32_11.4.0.202103011116/tools/bin/../lib/gcc/arm-none-eabi/10.2.1/../../../../arm-none-eabi/lib/thumb/v7e-m+dp/hard\libcr_c.a(fflush.o)
                0x60007c58                fflush
 .text.__check_heap_overflow
                0x60007c94       0x18 c:/nxp/mcuxpressoide_11.4.1_6260/ide/plugins/com.nxp.mcuxpresso.tools.win32_11.4.0.202103011116/tools/bin/../lib/gcc/arm-none-eabi/10.2.1/../../../../arm-none-eabi/lib/thumb/v7e-m+dp/hard\libcr_c.a(_cr_check_heap.o)
                0x60007c94                __check_heap_overflow
 .text.DbgConsole_PrintCallback
                0x60007cac       0x3a ./utilities/fsl_debug_console.o
 .text.PrintGetWidth
                0x60007ce6       0x2c ./utilities/fsl_str.o
 .text.PrintGetPrecision
                0x60007d12       0x44 ./utilities/fsl_str.o
 .text.PrintIsobpu
                0x60007d56       0x22 ./utilities/fsl_str.o
 .text.PrintIsdi
                0x60007d78       0x10 ./utilities/fsl_str.o
 .text.PrintOutputdifFobpu
                0x60007d88       0x28 ./utilities/fsl_str.o
 .text.PrintOutputxX
                0x60007db0       0x28 ./utilities/fsl_str.o
 .text.PrintIsfF
                0x60007dd8       0x10 ./utilities/fsl_str.o
 .text.PrintIsxX
                0x60007de8       0x10 ./utilities/fsl_str.o
 .text.PrintFilterLengthFlag
                0x60007df8       0x14 ./utilities/fsl_str.o
 .text.PrintGetRadixFromobpu
                0x60007e0c       0x1c ./utilities/fsl_str.o
 .text.ConvertRadixNumToString
                0x60007e28       0x4e ./utilities/fsl_str.o
 .text.StrFormatPrintf
                0x60007e76      0x196 ./utilities/fsl_str.o
                0x60007e76                StrFormatPrintf
 .text.USB_DeviceEhciSetDefaultState
                0x6000800c       0xc4 ./usb/device/source/ehci/usb_device_ehci.o
 .text.USB_DeviceEhciEndpointInit
                0x600080d0      0x158 ./usb/device/source/ehci/usb_device_ehci.o
 .text.USB_DeviceEhciEndpointDeinit
                0x60008228       0xac ./usb/device/source/ehci/usb_device_ehci.o
 .text.USB_DeviceEhciEndpointStall
                0x600082d4       0x52 ./usb/device/source/ehci/usb_device_ehci.o
 .text.USB_DeviceEhciEndpointUnstall
                0x60008326       0x70 ./usb/device/source/ehci/usb_device_ehci.o
 .text.USB_DeviceEhciFillSetupBuffer
                0x60008396       0x52 ./usb/device/source/ehci/usb_device_ehci.o
 .text.USB_DeviceEhciCancelControlPipe
                0x600083e8      0x10e ./usb/device/source/ehci/usb_device_ehci.o
 .text.USB_DeviceEhciInterruptTokenDone
                0x600084f6      0x29a ./usb/device/source/ehci/usb_device_ehci.o
 .text.USB_DeviceEhciInterruptPortChange
                0x60008790       0x54 ./usb/device/source/ehci/usb_device_ehci.o
 .text.USB_DeviceEhciInterruptReset
                0x600087e4       0x5e ./usb/device/source/ehci/usb_device_ehci.o
 .text.USB_DeviceEhciSend
                0x60008842       0x10 ./usb/device/source/ehci/usb_device_ehci.o
                0x60008842                USB_DeviceEhciSend
 .text.USB_DeviceEhciRecv
                0x60008852        0xc ./usb/device/source/ehci/usb_device_ehci.o
                0x60008852                USB_DeviceEhciRecv
 .text.USB_DeviceEhciCancel
                0x6000885e      0x16a ./usb/device/source/ehci/usb_device_ehci.o
                0x6000885e                USB_DeviceEhciCancel
 .text.USB_DeviceEhciControl
                0x600089c8      0x152 ./usb/device/source/ehci/usb_device_ehci.o
                0x600089c8                USB_DeviceEhciControl
 .text.USB_DeviceEhciIsrFunction
                0x60008b1a       0x44 ./usb/device/source/ehci/usb_device_ehci.o
                0x60008b1a                USB_DeviceEhciIsrFunction
 .text.USB_DeviceCh9GetStatus
                0x60008b5e       0xae ./usb/device/source/usb_device_ch9.o
 .text.USB_DeviceCh9SetClearFeature
                0x60008c0c       0xbe ./usb/device/source/usb_device_ch9.o
 .text.USB_DeviceCh9SetAddress
                0x60008cca       0x94 ./usb/device/source/usb_device_ch9.o
 .text.USB_DeviceCh9GetDescriptor
                0x60008d5e       0xd4 ./usb/device/source/usb_device_ch9.o
 .text.USB_DeviceCh9GetConfiguration
                0x60008e32       0x70 ./usb/device/source/usb_device_ch9.o
 .text.USB_DeviceCh9SetConfiguration
                0x60008ea2       0x92 ./usb/device/source/usb_device_ch9.o
 .text.USB_DeviceCh9GetInterface
                0x60008f34       0x70 ./usb/device/source/usb_device_ch9.o
 .text.USB_DeviceCh9SetInterface
                0x60008fa4       0x6e ./usb/device/source/usb_device_ch9.o
 .text.USB_DeviceCh9SynchFrame
                0x60009012       0x6e ./usb/device/source/usb_device_ch9.o
 .text.USB_DeviceControlCallbackFeedback
                0x60009080       0x56 ./usb/device/source/usb_device_ch9.o
 .text.USB_DeviceFreeHandle
                0x600090d6       0x20 ./usb/device/source/usb_device_dci.o
 .text.USB_DeviceTransfer
                0x600090f6       0xa4 ./usb/device/source/usb_device_dci.o
 .text.USB_DeviceControl
                0x6000919a       0x1a ./usb/device/source/usb_device_dci.o
 .text.USB_DeviceResetNotification
                0x600091b4       0x48 ./usb/device/source/usb_device_dci.o
 .text.USB_DeviceNotification
                0x600091fc       0x6c ./usb/device/source/usb_device_dci.o
 .text.USB_DeviceNotificationTrigger
                0x60009268       0x1c ./usb/device/source/usb_device_dci.o
                0x60009268                USB_DeviceNotificationTrigger
 .text.USB_DeviceInit
                0x60009284       0xbe ./usb/device/source/usb_device_dci.o
                0x60009284                USB_DeviceInit
 .text.USB_DeviceRun
                0x60009342        0xc ./usb/device/source/usb_device_dci.o
                0x60009342                USB_DeviceRun
 .text.USB_DeviceDeinit
                0x6000934e       0x22 ./usb/device/source/usb_device_dci.o
                0x6000934e                USB_DeviceDeinit
 .text.USB_DeviceSendRequest
                0x60009370       0x10 ./usb/device/source/usb_device_dci.o
                0x60009370                USB_DeviceSendRequest
 .text.USB_DeviceRecvRequest
                0x60009380        0xc ./usb/device/source/usb_device_dci.o
                0x60009380                USB_DeviceRecvRequest
 .text.USB_DeviceCancel
                0x6000938c       0x18 ./usb/device/source/usb_device_dci.o
                0x6000938c                USB_DeviceCancel
 .text.USB_DeviceInitEndpoint
                0x600093a4       0x50 ./usb/device/source/usb_device_dci.o
                0x600093a4                USB_DeviceInitEndpoint
 .text.USB_DeviceDeinitEndpoint
                0x600093f4       0x44 ./usb/device/source/usb_device_dci.o
                0x600093f4                USB_DeviceDeinitEndpoint
 .text.USB_DeviceStallEndpoint
                0x60009438       0x24 ./usb/device/source/usb_device_dci.o
                0x60009438                USB_DeviceStallEndpoint
 .text.USB_DeviceUnstallEndpoint
                0x6000945c       0x24 ./usb/device/source/usb_device_dci.o
                0x6000945c                USB_DeviceUnstallEndpoint
 .text.USB_DeviceGetStatus
                0x60009480       0x66 ./usb/device/source/usb_device_dci.o
                0x60009480                USB_DeviceGetStatus
 .text.USB_DeviceSetStatus
                0x600094e6       0x86 ./usb/device/source/usb_device_dci.o
                0x600094e6                USB_DeviceSetStatus
 .text.USB_DeviceMscFreeHandle
                0x6000956c       0x12 ./usb/device/class/msc/usb_device_msc.o
 .text.USB_DeviceMscProcessUfiCommand
                0x6000957e      0x12e ./usb/device/class/msc/usb_device_msc.o
 .text.USB_DeviceMscEndpointsDeinit
                0x600096ac       0x32 ./usb/device/class/msc/usb_device_msc.o
                0x600096ac                USB_DeviceMscEndpointsDeinit
 .text.USB_DeviceMscInit
                0x600096de       0x72 ./usb/device/class/msc/usb_device_msc.o
                0x600096de                USB_DeviceMscInit
 .text.USB_DeviceMscDeinit
                0x60009750       0x1a ./usb/device/class/msc/usb_device_msc.o
                0x60009750                USB_DeviceMscDeinit
 .text.USB_DeviceMscEvent
                0x6000976a      0x388 ./usb/device/class/msc/usb_device_msc.o
                0x6000976a                USB_DeviceMscEvent
 .text.USB_DeviceMscSend
                0x60009af2       0x84 ./usb/device/class/msc/usb_device_msc.o
                0x60009af2                USB_DeviceMscSend
 .text.USB_DeviceMscRecv
                0x60009b76       0x84 ./usb/device/class/msc/usb_device_msc.o
                0x60009b76                USB_DeviceMscRecv
 .text.USB_DeviceMscLbaTransfer
                0x60009bfa       0x2a ./usb/device/class/msc/usb_device_msc.o
                0x60009bfa                USB_DeviceMscLbaTransfer
 .text.USB_DeviceMscUfiThirteenCasesCheck
                0x60009c24      0x2fa ./usb/device/class/msc/usb_device_msc_ufi.o
                0x60009c24                USB_DeviceMscUfiThirteenCasesCheck
 .text.USB_DeviceMscUfiRequestSenseCommand
                0x60009f1e       0x42 ./usb/device/class/msc/usb_device_msc_ufi.o
                0x60009f1e                USB_DeviceMscUfiRequestSenseCommand
 .text.USB_DeviceMscUfiInquiryCommand
                0x60009f60       0x48 ./usb/device/class/msc/usb_device_msc_ufi.o
                0x60009f60                USB_DeviceMscUfiInquiryCommand
 .text.USB_DeviceMscUfiReadCommand
                0x60009fa8       0x76 ./usb/device/class/msc/usb_device_msc_ufi.o
                0x60009fa8                USB_DeviceMscUfiReadCommand
 .text.USB_DeviceMscUfiWriteCommand
                0x6000a01e       0x6c ./usb/device/class/msc/usb_device_msc_ufi.o
                0x6000a01e                USB_DeviceMscUfiWriteCommand
 .text.USB_DeviceMscUfiTestUnitReadyCommand
                0x6000a08a       0x42 ./usb/device/class/msc/usb_device_msc_ufi.o
                0x6000a08a                USB_DeviceMscUfiTestUnitReadyCommand
 .text.USB_DeviceMscUfiVerifyCommand
                0x6000a0cc       0x18 ./usb/device/class/msc/usb_device_msc_ufi.o
                0x6000a0cc                USB_DeviceMscUfiVerifyCommand
 .text.USB_DeviceMscUfiModeSenseCommand
                0x6000a0e4       0x48 ./usb/device/class/msc/usb_device_msc_ufi.o
                0x6000a0e4                USB_DeviceMscUfiModeSenseCommand
 .text.USB_DeviceMscUfiModeSelectCommand
                0x6000a12c       0x5c ./usb/device/class/msc/usb_device_msc_ufi.o
                0x6000a12c                USB_DeviceMscUfiModeSelectCommand
 .text.USB_DeviceMscUfiReadCapacityCommand
                0x6000a188      0x10c ./usb/device/class/msc/usb_device_msc_ufi.o
                0x6000a188                USB_DeviceMscUfiReadCapacityCommand
 .text.USB_DeviceMscUfiFormatUnitCommand
                0x6000a294       0x44 ./usb/device/class/msc/usb_device_msc_ufi.o
                0x6000a294                USB_DeviceMscUfiFormatUnitCommand
 .text.USB_DeviceMscUfiPreventAllowMediumCommand
                0x6000a2d8       0x42 ./usb/device/class/msc/usb_device_msc_ufi.o
                0x6000a2d8                USB_DeviceMscUfiPreventAllowMediumCommand
 .text.USB_DeviceMscUfiSendDiagnosticCommand
                0x6000a31a       0x42 ./usb/device/class/msc/usb_device_msc_ufi.o
                0x6000a31a                USB_DeviceMscUfiSendDiagnosticCommand
 .text.USB_DeviceMscUfiStartStopUnitCommand
                0x6000a35c       0x4a ./usb/device/class/msc/usb_device_msc_ufi.o
                0x6000a35c                USB_DeviceMscUfiStartStopUnitCommand
 .text.USB_DeviceMscUfiUnsupportCommand
                0x6000a3a6       0x32 ./usb/device/class/msc/usb_device_msc_ufi.o
                0x6000a3a6                USB_DeviceMscUfiUnsupportCommand
 .text.USB_DeviceCdcAcmFreeHandle
                0x6000a3d8       0x12 ./usb/device/class/cdc/usb_device_cdc_acm.o
 .text.USB_DeviceCdcAcmInterruptIn
                0x6000a3ea       0x28 ./usb/device/class/cdc/usb_device_cdc_acm.o
 .text.USB_DeviceCdcAcmBulkIn
                0x6000a412       0x28 ./usb/device/class/cdc/usb_device_cdc_acm.o
 .text.USB_DeviceCdcAcmBulkOut
                0x6000a43a       0x28 ./usb/device/class/cdc/usb_device_cdc_acm.o
 .text.USB_DeviceCdcAcmEndpointsDeinit
                0x6000a462       0x5a ./usb/device/class/cdc/usb_device_cdc_acm.o
 .text.USB_DeviceCdcAcmEvent
                0x6000a4bc      0x476 ./usb/device/class/cdc/usb_device_cdc_acm.o
                0x6000a4bc                USB_DeviceCdcAcmEvent
 .text.USB_DeviceCdcAcmInit
                0x6000a932       0x68 ./usb/device/class/cdc/usb_device_cdc_acm.o
                0x6000a932                USB_DeviceCdcAcmInit
 .text.USB_DeviceCdcAcmDeinit
                0x6000a99a       0x2e ./usb/device/class/cdc/usb_device_cdc_acm.o
                0x6000a99a                USB_DeviceCdcAcmDeinit
 .text.USB_DeviceCdcAcmSend
                0x6000a9c8       0x5a ./usb/device/class/cdc/usb_device_cdc_acm.o
                0x6000a9c8                USB_DeviceCdcAcmSend
 .text.USB_DeviceCdcAcmRecv
                0x6000aa22       0x3c ./usb/device/class/cdc/usb_device_cdc_acm.o
                0x6000aa22                USB_DeviceCdcAcmRecv
 .text.USB_DeviceClassCallback
                0x6000aa5e       0x3c ./usb/device/class/usb_device_class.o
                0x6000aa5e                USB_DeviceClassCallback
 .text.USB_DeviceClassGetSpeed
                0x6000aa9a       0x20 ./usb/device/class/usb_device_class.o
                0x6000aa9a                USB_DeviceClassGetSpeed
 .text.DMA0_DMA16_IRQHandler
                0x6000aaba        0x8 ./startup/startup_mimxrt1062.o
                0x6000aaba                DMA0_DMA16_IRQHandler
 .text.DMA1_DMA17_IRQHandler
                0x6000aac2        0x8 ./startup/startup_mimxrt1062.o
                0x6000aac2                DMA1_DMA17_IRQHandler
 .text.DMA2_DMA18_IRQHandler
                0x6000aaca        0x8 ./startup/startup_mimxrt1062.o
                0x6000aaca                DMA2_DMA18_IRQHandler
 .text.DMA3_DMA19_IRQHandler
                0x6000aad2        0x8 ./startup/startup_mimxrt1062.o
                0x6000aad2                DMA3_DMA19_IRQHandler
 .text.DMA4_DMA20_IRQHandler
                0x6000aada        0x8 ./startup/startup_mimxrt1062.o
                0x6000aada                DMA4_DMA20_IRQHandler
 .text.DMA5_DMA21_IRQHandler
                0x6000aae2        0x8 ./startup/startup_mimxrt1062.o
                0x6000aae2                DMA5_DMA21_IRQHandler
 .text.DMA6_DMA22_IRQHandler
                0x6000aaea        0x8 ./startup/startup_mimxrt1062.o
                0x6000aaea                DMA6_DMA22_IRQHandler
 .text.DMA7_DMA23_IRQHandler
                0x6000aaf2        0x8 ./startup/startup_mimxrt1062.o
                0x6000aaf2                DMA7_DMA23_IRQHandler
 .text.DMA8_DMA24_IRQHandler
                0x6000aafa        0x8 ./startup/startup_mimxrt1062.o
                0x6000aafa                DMA8_DMA24_IRQHandler
 .text.DMA9_DMA25_IRQHandler
                0x6000ab02        0x8 ./startup/startup_mimxrt1062.o
                0x6000ab02                DMA9_DMA25_IRQHandler
 .text.DMA10_DMA26_IRQHandler
                0x6000ab0a        0x8 ./startup/startup_mimxrt1062.o
                0x6000ab0a                DMA10_DMA26_IRQHandler
 .text.DMA11_DMA27_IRQHandler
                0x6000ab12        0x8 ./startup/startup_mimxrt1062.o
                0x6000ab12                DMA11_DMA27_IRQHandler
 .text.DMA12_DMA28_IRQHandler
                0x6000ab1a        0x8 ./startup/startup_mimxrt1062.o
                0x6000ab1a                DMA12_DMA28_IRQHandler
 .text.DMA13_DMA29_IRQHandler
                0x6000ab22        0x8 ./startup/startup_mimxrt1062.o
                0x6000ab22                DMA13_DMA29_IRQHandler
 .text.DMA14_DMA30_IRQHandler
                0x6000ab2a        0x8 ./startup/startup_mimxrt1062.o
                0x6000ab2a                DMA14_DMA30_IRQHandler
 .text.DMA15_DMA31_IRQHandler
                0x6000ab32        0x8 ./startup/startup_mimxrt1062.o
                0x6000ab32                DMA15_DMA31_IRQHandler
 .text.DMA_ERROR_IRQHandler
                0x6000ab3a        0x8 ./startup/startup_mimxrt1062.o
                0x6000ab3a                DMA_ERROR_IRQHandler
 .text.CTI0_ERROR_IRQHandler
                0x6000ab42        0x8 ./startup/startup_mimxrt1062.o
                0x6000ab42                CTI0_ERROR_IRQHandler
 .text.CTI1_ERROR_IRQHandler
                0x6000ab4a        0x8 ./startup/startup_mimxrt1062.o
                0x6000ab4a                CTI1_ERROR_IRQHandler
 .text.CORE_IRQHandler
                0x6000ab52        0x8 ./startup/startup_mimxrt1062.o
                0x6000ab52                CORE_IRQHandler
 .text.LPUART1_IRQHandler
                0x6000ab5a        0x8 ./startup/startup_mimxrt1062.o
                0x6000ab5a                LPUART1_IRQHandler
 .text.LPUART2_IRQHandler
                0x6000ab62        0x8 ./startup/startup_mimxrt1062.o
                0x6000ab62                LPUART2_IRQHandler
 .text.LPUART3_IRQHandler
                0x6000ab6a        0x8 ./startup/startup_mimxrt1062.o
                0x6000ab6a                LPUART3_IRQHandler
 .text.LPUART4_IRQHandler
                0x6000ab72        0x8 ./startup/startup_mimxrt1062.o
                0x6000ab72                LPUART4_IRQHandler
 .text.LPUART5_IRQHandler
                0x6000ab7a        0x8 ./startup/startup_mimxrt1062.o
                0x6000ab7a                LPUART5_IRQHandler
 .text.LPUART6_IRQHandler
                0x6000ab82        0x8 ./startup/startup_mimxrt1062.o
                0x6000ab82                LPUART6_IRQHandler
 .text.LPUART7_IRQHandler
                0x6000ab8a        0x8 ./startup/startup_mimxrt1062.o
                0x6000ab8a                LPUART7_IRQHandler
 .text.LPUART8_IRQHandler
                0x6000ab92        0x8 ./startup/startup_mimxrt1062.o
                0x6000ab92                LPUART8_IRQHandler
 .text.LPI2C1_IRQHandler
                0x6000ab9a        0x8 ./startup/startup_mimxrt1062.o
                0x6000ab9a                LPI2C1_IRQHandler
 .text.LPI2C2_IRQHandler
                0x6000aba2        0x8 ./startup/startup_mimxrt1062.o
                0x6000aba2                LPI2C2_IRQHandler
 .text.LPI2C3_IRQHandler
                0x6000abaa        0x8 ./startup/startup_mimxrt1062.o
                0x6000abaa                LPI2C3_IRQHandler
 .text.LPI2C4_IRQHandler
                0x6000abb2        0x8 ./startup/startup_mimxrt1062.o
                0x6000abb2                LPI2C4_IRQHandler
 .text.LPSPI1_IRQHandler
                0x6000abba        0x8 ./startup/startup_mimxrt1062.o
                0x6000abba                LPSPI1_IRQHandler
 .text.LPSPI2_IRQHandler
                0x6000abc2        0x8 ./startup/startup_mimxrt1062.o
                0x6000abc2                LPSPI2_IRQHandler
 .text.LPSPI3_IRQHandler
                0x6000abca        0x8 ./startup/startup_mimxrt1062.o
                0x6000abca                LPSPI3_IRQHandler
 .text.LPSPI4_IRQHandler
                0x6000abd2        0x8 ./startup/startup_mimxrt1062.o
                0x6000abd2                LPSPI4_IRQHandler
 .text.CAN1_IRQHandler
                0x6000abda        0x8 ./startup/startup_mimxrt1062.o
                0x6000abda                CAN1_IRQHandler
 .text.CAN2_IRQHandler
                0x6000abe2        0x8 ./startup/startup_mimxrt1062.o
                0x6000abe2                CAN2_IRQHandler
 .text.FLEXRAM_IRQHandler
                0x6000abea        0x8 ./startup/startup_mimxrt1062.o
                0x6000abea                FLEXRAM_IRQHandler
 .text.KPP_IRQHandler
                0x6000abf2        0x8 ./startup/startup_mimxrt1062.o
                0x6000abf2                KPP_IRQHandler
 .text.TSC_DIG_IRQHandler
                0x6000abfa        0x8 ./startup/startup_mimxrt1062.o
                0x6000abfa                TSC_DIG_IRQHandler
 .text.GPR_IRQ_IRQHandler
                0x6000ac02        0x8 ./startup/startup_mimxrt1062.o
                0x6000ac02                GPR_IRQ_IRQHandler
 .text.LCDIF_IRQHandler
                0x6000ac0a        0x8 ./startup/startup_mimxrt1062.o
                0x6000ac0a                LCDIF_IRQHandler
 .text.CSI_IRQHandler
                0x6000ac12        0x8 ./startup/startup_mimxrt1062.o
                0x6000ac12                CSI_IRQHandler
 .text.PXP_IRQHandler
                0x6000ac1a        0x8 ./startup/startup_mimxrt1062.o
                0x6000ac1a                PXP_IRQHandler
 .text.WDOG2_IRQHandler
                0x6000ac22        0x8 ./startup/startup_mimxrt1062.o
                0x6000ac22                WDOG2_IRQHandler
 .text.SNVS_HP_WRAPPER_IRQHandler
                0x6000ac2a        0x8 ./startup/startup_mimxrt1062.o
                0x6000ac2a                SNVS_HP_WRAPPER_IRQHandler
 .text.SNVS_HP_WRAPPER_TZ_IRQHandler
                0x6000ac32        0x8 ./startup/startup_mimxrt1062.o
                0x6000ac32                SNVS_HP_WRAPPER_TZ_IRQHandler
 .text.SNVS_LP_WRAPPER_IRQHandler
                0x6000ac3a        0x8 ./startup/startup_mimxrt1062.o
                0x6000ac3a                SNVS_LP_WRAPPER_IRQHandler
 .text.CSU_IRQHandler
                0x6000ac42        0x8 ./startup/startup_mimxrt1062.o
                0x6000ac42                CSU_IRQHandler
 .text.DCP_IRQHandler
                0x6000ac4a        0x8 ./startup/startup_mimxrt1062.o
                0x6000ac4a                DCP_IRQHandler
 .text.DCP_VMI_IRQHandler
                0x6000ac52        0x8 ./startup/startup_mimxrt1062.o
                0x6000ac52                DCP_VMI_IRQHandler
 .text.Reserved68_IRQHandler
                0x6000ac5a        0x8 ./startup/startup_mimxrt1062.o
                0x6000ac5a                Reserved68_IRQHandler
 .text.TRNG_IRQHandler
                0x6000ac62        0x8 ./startup/startup_mimxrt1062.o
                0x6000ac62                TRNG_IRQHandler
 .text.SJC_IRQHandler
                0x6000ac6a        0x8 ./startup/startup_mimxrt1062.o
                0x6000ac6a                SJC_IRQHandler
 .text.BEE_IRQHandler
                0x6000ac72        0x8 ./startup/startup_mimxrt1062.o
                0x6000ac72                BEE_IRQHandler
 .text.SAI1_IRQHandler
                0x6000ac7a        0x8 ./startup/startup_mimxrt1062.o
                0x6000ac7a                SAI1_IRQHandler
 .text.SAI2_IRQHandler
                0x6000ac82        0x8 ./startup/startup_mimxrt1062.o
                0x6000ac82                SAI2_IRQHandler
 .text.SAI3_RX_IRQHandler
                0x6000ac8a        0x8 ./startup/startup_mimxrt1062.o
                0x6000ac8a                SAI3_RX_IRQHandler
 .text.SAI3_TX_IRQHandler
                0x6000ac92        0x8 ./startup/startup_mimxrt1062.o
                0x6000ac92                SAI3_TX_IRQHandler
 .text.SPDIF_IRQHandler
                0x6000ac9a        0x8 ./startup/startup_mimxrt1062.o
                0x6000ac9a                SPDIF_IRQHandler
 .text.PMU_EVENT_IRQHandler
                0x6000aca2        0x8 ./startup/startup_mimxrt1062.o
                0x6000aca2                PMU_EVENT_IRQHandler
 .text.Reserved78_IRQHandler
                0x6000acaa        0x8 ./startup/startup_mimxrt1062.o
                0x6000acaa                Reserved78_IRQHandler
 .text.TEMP_LOW_HIGH_IRQHandler
                0x6000acb2        0x8 ./startup/startup_mimxrt1062.o
                0x6000acb2                TEMP_LOW_HIGH_IRQHandler
 .text.TEMP_PANIC_IRQHandler
                0x6000acba        0x8 ./startup/startup_mimxrt1062.o
                0x6000acba                TEMP_PANIC_IRQHandler
 .text.USB_PHY1_IRQHandler
                0x6000acc2        0x8 ./startup/startup_mimxrt1062.o
                0x6000acc2                USB_PHY1_IRQHandler
 .text.USB_PHY2_IRQHandler
                0x6000acca        0x8 ./startup/startup_mimxrt1062.o
                0x6000acca                USB_PHY2_IRQHandler
 .text.ADC1_IRQHandler
                0x6000acd2        0x8 ./startup/startup_mimxrt1062.o
                0x6000acd2                ADC1_IRQHandler
 .text.ADC2_IRQHandler
                0x6000acda        0x8 ./startup/startup_mimxrt1062.o
                0x6000acda                ADC2_IRQHandler
 .text.DCDC_IRQHandler
                0x6000ace2        0x8 ./startup/startup_mimxrt1062.o
                0x6000ace2                DCDC_IRQHandler
 .text.Reserved86_IRQHandler
                0x6000acea        0x8 ./startup/startup_mimxrt1062.o
                0x6000acea                Reserved86_IRQHandler
 .text.Reserved87_IRQHandler
                0x6000acf2        0x8 ./startup/startup_mimxrt1062.o
                0x6000acf2                Reserved87_IRQHandler
 .text.GPIO1_INT0_IRQHandler
                0x6000acfa        0x8 ./startup/startup_mimxrt1062.o
                0x6000acfa                GPIO1_INT0_IRQHandler
 .text.GPIO1_INT1_IRQHandler
                0x6000ad02        0x8 ./startup/startup_mimxrt1062.o
                0x6000ad02                GPIO1_INT1_IRQHandler
 .text.GPIO1_INT2_IRQHandler
                0x6000ad0a        0x8 ./startup/startup_mimxrt1062.o
                0x6000ad0a                GPIO1_INT2_IRQHandler
 .text.GPIO1_INT3_IRQHandler
                0x6000ad12        0x8 ./startup/startup_mimxrt1062.o
                0x6000ad12                GPIO1_INT3_IRQHandler
 .text.GPIO1_INT4_IRQHandler
                0x6000ad1a        0x8 ./startup/startup_mimxrt1062.o
                0x6000ad1a                GPIO1_INT4_IRQHandler
 .text.GPIO1_INT5_IRQHandler
                0x6000ad22        0x8 ./startup/startup_mimxrt1062.o
                0x6000ad22                GPIO1_INT5_IRQHandler
 .text.GPIO1_INT6_IRQHandler
                0x6000ad2a        0x8 ./startup/startup_mimxrt1062.o
                0x6000ad2a                GPIO1_INT6_IRQHandler
 .text.GPIO1_INT7_IRQHandler
                0x6000ad32        0x8 ./startup/startup_mimxrt1062.o
                0x6000ad32                GPIO1_INT7_IRQHandler
 .text.GPIO1_Combined_0_15_IRQHandler
                0x6000ad3a        0x8 ./startup/startup_mimxrt1062.o
                0x6000ad3a                GPIO1_Combined_0_15_IRQHandler
 .text.GPIO1_Combined_16_31_IRQHandler
                0x6000ad42        0x8 ./startup/startup_mimxrt1062.o
                0x6000ad42                GPIO1_Combined_16_31_IRQHandler
 .text.GPIO2_Combined_0_15_IRQHandler
                0x6000ad4a        0x8 ./startup/startup_mimxrt1062.o
                0x6000ad4a                GPIO2_Combined_0_15_IRQHandler
 .text.GPIO2_Combined_16_31_IRQHandler
                0x6000ad52        0x8 ./startup/startup_mimxrt1062.o
                0x6000ad52                GPIO2_Combined_16_31_IRQHandler
 .text.GPIO3_Combined_0_15_IRQHandler
                0x6000ad5a        0x8 ./startup/startup_mimxrt1062.o
                0x6000ad5a                GPIO3_Combined_0_15_IRQHandler
 .text.GPIO3_Combined_16_31_IRQHandler
                0x6000ad62        0x8 ./startup/startup_mimxrt1062.o
                0x6000ad62                GPIO3_Combined_16_31_IRQHandler
 .text.GPIO4_Combined_0_15_IRQHandler
                0x6000ad6a        0x8 ./startup/startup_mimxrt1062.o
                0x6000ad6a                GPIO4_Combined_0_15_IRQHandler
 .text.GPIO4_Combined_16_31_IRQHandler
                0x6000ad72        0x8 ./startup/startup_mimxrt1062.o
                0x6000ad72                GPIO4_Combined_16_31_IRQHandler
 .text.GPIO5_Combined_0_15_IRQHandler
                0x6000ad7a        0x8 ./startup/startup_mimxrt1062.o
                0x6000ad7a                GPIO5_Combined_0_15_IRQHandler
 .text.GPIO5_Combined_16_31_IRQHandler
                0x6000ad82        0x8 ./startup/startup_mimxrt1062.o
                0x6000ad82                GPIO5_Combined_16_31_IRQHandler
 .text.FLEXIO1_IRQHandler
                0x6000ad8a        0x8 ./startup/startup_mimxrt1062.o
                0x6000ad8a                FLEXIO1_IRQHandler
 .text.FLEXIO2_IRQHandler
                0x6000ad92        0x8 ./startup/startup_mimxrt1062.o
                0x6000ad92                FLEXIO2_IRQHandler
 .text.WDOG1_IRQHandler
                0x6000ad9a        0x8 ./startup/startup_mimxrt1062.o
                0x6000ad9a                WDOG1_IRQHandler
 .text.RTWDOG_IRQHandler
                0x6000ada2        0x8 ./startup/startup_mimxrt1062.o
                0x6000ada2                RTWDOG_IRQHandler
 .text.EWM_IRQHandler
                0x6000adaa        0x8 ./startup/startup_mimxrt1062.o
                0x6000adaa                EWM_IRQHandler
 .text.CCM_1_IRQHandler
                0x6000adb2        0x8 ./startup/startup_mimxrt1062.o
                0x6000adb2                CCM_1_IRQHandler
 .text.CCM_2_IRQHandler
                0x6000adba        0x8 ./startup/startup_mimxrt1062.o
                0x6000adba                CCM_2_IRQHandler
 .text.GPC_IRQHandler
                0x6000adc2        0x8 ./startup/startup_mimxrt1062.o
                0x6000adc2                GPC_IRQHandler
 .text.SRC_IRQHandler
                0x6000adca        0x8 ./startup/startup_mimxrt1062.o
                0x6000adca                SRC_IRQHandler
 .text.Reserved115_IRQHandler
                0x6000add2        0x8 ./startup/startup_mimxrt1062.o
                0x6000add2                Reserved115_IRQHandler
 .text.GPT1_IRQHandler
                0x6000adda        0x8 ./startup/startup_mimxrt1062.o
                0x6000adda                GPT1_IRQHandler
 .text.GPT2_IRQHandler
                0x6000ade2        0x8 ./startup/startup_mimxrt1062.o
                0x6000ade2                GPT2_IRQHandler
 .text.PWM1_0_IRQHandler
                0x6000adea        0x8 ./startup/startup_mimxrt1062.o
                0x6000adea                PWM1_0_IRQHandler
 .text.PWM1_1_IRQHandler
                0x6000adf2        0x8 ./startup/startup_mimxrt1062.o
                0x6000adf2                PWM1_1_IRQHandler
 .text.PWM1_2_IRQHandler
                0x6000adfa        0x8 ./startup/startup_mimxrt1062.o
                0x6000adfa                PWM1_2_IRQHandler
 .text.PWM1_3_IRQHandler
                0x6000ae02        0x8 ./startup/startup_mimxrt1062.o
                0x6000ae02                PWM1_3_IRQHandler
 .text.PWM1_FAULT_IRQHandler
                0x6000ae0a        0x8 ./startup/startup_mimxrt1062.o
                0x6000ae0a                PWM1_FAULT_IRQHandler
 .text.FLEXSPI2_IRQHandler
                0x6000ae12        0x8 ./startup/startup_mimxrt1062.o
                0x6000ae12                FLEXSPI2_IRQHandler
 .text.FLEXSPI_IRQHandler
                0x6000ae1a        0x8 ./startup/startup_mimxrt1062.o
                0x6000ae1a                FLEXSPI_IRQHandler
 .text.SEMC_IRQHandler
                0x6000ae22        0x8 ./startup/startup_mimxrt1062.o
                0x6000ae22                SEMC_IRQHandler
 .text.USDHC1_IRQHandler
                0x6000ae2a        0x8 ./startup/startup_mimxrt1062.o
                0x6000ae2a                USDHC1_IRQHandler
 .text.USDHC2_IRQHandler
                0x6000ae32        0x8 ./startup/startup_mimxrt1062.o
                0x6000ae32                USDHC2_IRQHandler
 .text.USB_OTG2_IRQHandler
                0x6000ae3a        0x8 ./startup/startup_mimxrt1062.o
                0x6000ae3a                USB_OTG2_IRQHandler
 .text.ENET_IRQHandler
                0x6000ae42        0x8 ./startup/startup_mimxrt1062.o
                0x6000ae42                ENET_IRQHandler
 .text.ENET_1588_Timer_IRQHandler
                0x6000ae4a        0x8 ./startup/startup_mimxrt1062.o
                0x6000ae4a                ENET_1588_Timer_IRQHandler
 .text.XBAR1_IRQ_0_1_IRQHandler
                0x6000ae52        0x8 ./startup/startup_mimxrt1062.o
                0x6000ae52                XBAR1_IRQ_0_1_IRQHandler
 .text.XBAR1_IRQ_2_3_IRQHandler
                0x6000ae5a        0x8 ./startup/startup_mimxrt1062.o
                0x6000ae5a                XBAR1_IRQ_2_3_IRQHandler
 .text.ADC_ETC_IRQ0_IRQHandler
                0x6000ae62        0x8 ./startup/startup_mimxrt1062.o
                0x6000ae62                ADC_ETC_IRQ0_IRQHandler
 .text.ADC_ETC_IRQ1_IRQHandler
                0x6000ae6a        0x8 ./startup/startup_mimxrt1062.o
                0x6000ae6a                ADC_ETC_IRQ1_IRQHandler
 .text.ADC_ETC_IRQ2_IRQHandler
                0x6000ae72        0x8 ./startup/startup_mimxrt1062.o
                0x6000ae72                ADC_ETC_IRQ2_IRQHandler
 .text.ADC_ETC_ERROR_IRQ_IRQHandler
                0x6000ae7a        0x8 ./startup/startup_mimxrt1062.o
                0x6000ae7a                ADC_ETC_ERROR_IRQ_IRQHandler
 .text.PIT_IRQHandler
                0x6000ae82        0x8 ./startup/startup_mimxrt1062.o
                0x6000ae82                PIT_IRQHandler
 .text.ACMP1_IRQHandler
                0x6000ae8a        0x8 ./startup/startup_mimxrt1062.o
                0x6000ae8a                ACMP1_IRQHandler
 .text.ACMP2_IRQHandler
                0x6000ae92        0x8 ./startup/startup_mimxrt1062.o
                0x6000ae92                ACMP2_IRQHandler
 .text.ACMP3_IRQHandler
                0x6000ae9a        0x8 ./startup/startup_mimxrt1062.o
                0x6000ae9a                ACMP3_IRQHandler
 .text.ACMP4_IRQHandler
                0x6000aea2        0x8 ./startup/startup_mimxrt1062.o
                0x6000aea2                ACMP4_IRQHandler
 .text.Reserved143_IRQHandler
                0x6000aeaa        0x8 ./startup/startup_mimxrt1062.o
                0x6000aeaa                Reserved143_IRQHandler
 .text.Reserved144_IRQHandler
                0x6000aeb2        0x8 ./startup/startup_mimxrt1062.o
                0x6000aeb2                Reserved144_IRQHandler
 .text.ENC1_IRQHandler
                0x6000aeba        0x8 ./startup/startup_mimxrt1062.o
                0x6000aeba                ENC1_IRQHandler
 .text.ENC2_IRQHandler
                0x6000aec2        0x8 ./startup/startup_mimxrt1062.o
                0x6000aec2                ENC2_IRQHandler
 .text.ENC3_IRQHandler
                0x6000aeca        0x8 ./startup/startup_mimxrt1062.o
                0x6000aeca                ENC3_IRQHandler
 .text.ENC4_IRQHandler
                0x6000aed2        0x8 ./startup/startup_mimxrt1062.o
                0x6000aed2                ENC4_IRQHandler
 .text.TMR1_IRQHandler
                0x6000aeda        0x8 ./startup/startup_mimxrt1062.o
                0x6000aeda                TMR1_IRQHandler
 .text.TMR2_IRQHandler
                0x6000aee2        0x8 ./startup/startup_mimxrt1062.o
                0x6000aee2                TMR2_IRQHandler
 .text.TMR3_IRQHandler
                0x6000aeea        0x8 ./startup/startup_mimxrt1062.o
                0x6000aeea                TMR3_IRQHandler
 .text.TMR4_IRQHandler
                0x6000aef2        0x8 ./startup/startup_mimxrt1062.o
                0x6000aef2                TMR4_IRQHandler
 .text.PWM2_0_IRQHandler
                0x6000aefa        0x8 ./startup/startup_mimxrt1062.o
                0x6000aefa                PWM2_0_IRQHandler
 .text.PWM2_1_IRQHandler
                0x6000af02        0x8 ./startup/startup_mimxrt1062.o
                0x6000af02                PWM2_1_IRQHandler
 .text.PWM2_2_IRQHandler
                0x6000af0a        0x8 ./startup/startup_mimxrt1062.o
                0x6000af0a                PWM2_2_IRQHandler
 .text.PWM2_3_IRQHandler
                0x6000af12        0x8 ./startup/startup_mimxrt1062.o
                0x6000af12                PWM2_3_IRQHandler
 .text.PWM2_FAULT_IRQHandler
                0x6000af1a        0x8 ./startup/startup_mimxrt1062.o
                0x6000af1a                PWM2_FAULT_IRQHandler
 .text.PWM3_0_IRQHandler
                0x6000af22        0x8 ./startup/startup_mimxrt1062.o
                0x6000af22                PWM3_0_IRQHandler
 .text.PWM3_1_IRQHandler
                0x6000af2a        0x8 ./startup/startup_mimxrt1062.o
                0x6000af2a                PWM3_1_IRQHandler
 .text.PWM3_2_IRQHandler
                0x6000af32        0x8 ./startup/startup_mimxrt1062.o
                0x6000af32                PWM3_2_IRQHandler
 .text.PWM3_3_IRQHandler
                0x6000af3a        0x8 ./startup/startup_mimxrt1062.o
                0x6000af3a                PWM3_3_IRQHandler
 .text.PWM3_FAULT_IRQHandler
                0x6000af42        0x8 ./startup/startup_mimxrt1062.o
                0x6000af42                PWM3_FAULT_IRQHandler
 .text.PWM4_0_IRQHandler
                0x6000af4a        0x8 ./startup/startup_mimxrt1062.o
                0x6000af4a                PWM4_0_IRQHandler
 .text.PWM4_1_IRQHandler
                0x6000af52        0x8 ./startup/startup_mimxrt1062.o
                0x6000af52                PWM4_1_IRQHandler
 .text.PWM4_2_IRQHandler
                0x6000af5a        0x8 ./startup/startup_mimxrt1062.o
                0x6000af5a                PWM4_2_IRQHandler
 .text.PWM4_3_IRQHandler
                0x6000af62        0x8 ./startup/startup_mimxrt1062.o
                0x6000af62                PWM4_3_IRQHandler
 .text.PWM4_FAULT_IRQHandler
                0x6000af6a        0x8 ./startup/startup_mimxrt1062.o
                0x6000af6a                PWM4_FAULT_IRQHandler
 .text.ENET2_IRQHandler
                0x6000af72        0x8 ./startup/startup_mimxrt1062.o
                0x6000af72                ENET2_IRQHandler
 .text.ENET2_1588_Timer_IRQHandler
                0x6000af7a        0x8 ./startup/startup_mimxrt1062.o
                0x6000af7a                ENET2_1588_Timer_IRQHandler
 .text.CAN3_IRQHandler
                0x6000af82        0x8 ./startup/startup_mimxrt1062.o
                0x6000af82                CAN3_IRQHandler
 .text.Reserved171_IRQHandler
                0x6000af8a        0x8 ./startup/startup_mimxrt1062.o
                0x6000af8a                Reserved171_IRQHandler
 .text.FLEXIO3_IRQHandler
                0x6000af92        0x8 ./startup/startup_mimxrt1062.o
                0x6000af92                FLEXIO3_IRQHandler
 .text.GPIO6_7_8_9_IRQHandler
                0x6000af9a        0x8 ./startup/startup_mimxrt1062.o
                0x6000af9a                GPIO6_7_8_9_IRQHandler
 .text.EnableIRQ
                0x6000afa2       0x14 ./source/generated/usb_device_composite.o
 .text.USB_DeviceIsrEnable
                0x6000afb6       0x20 ./source/generated/usb_device_composite.o
                0x6000afb6                USB_DeviceIsrEnable
 .text.USB_DeviceTasks
                0x6000afd6        0x8 ./source/generated/usb_device_composite.o
                0x6000afd6                USB_DeviceTasks
 .text.getEndpointSetting
                0x6000afde       0xbc ./source/generated/usb_device_descriptor.o
 .text.appUsbTask
                0x6000b09a        0x8 ./source/appnkey-firmware-dev01.o
 .text.HardFault_Handler
                0x6000b0a2       0x2c ./source/semihost_hardfault.o
                0x6000b0a2                HardFault_Handler
 .text.USB_DeviceInterface0CicVcomSetInterface
                0x6000b0ce        0x4 ./source/usb_device_interface_0_cic_vcom.o
                0x6000b0ce                USB_DeviceInterface0CicVcomSetInterface
 .text.USB_DeviceInterface1DicVcomSetInterface
                0x6000b0d2        0x4 ./source/usb_device_interface_0_cic_vcom.o
                0x6000b0d2                USB_DeviceInterface1DicVcomSetInterface
 .text.USB_DeviceInterface2MscRamDiskSetConfiguration
                0x6000b0d6        0x4 ./source/usb_device_interface_2_msc_ram_disk.o
                0x6000b0d6                USB_DeviceInterface2MscRamDiskSetConfiguration
 .text.USB_DeviceInterface2MscRamDiskSetInterface
                0x6000b0da        0x4 ./source/usb_device_interface_2_msc_ram_disk.o
                0x6000b0da                USB_DeviceInterface2MscRamDiskSetInterface
 .text.USB_DeviceInterface2MscRamDiskInit
                0x6000b0de        0x4 ./source/usb_device_interface_2_msc_ram_disk.o
                0x6000b0de                USB_DeviceInterface2MscRamDiskInit
 .text.vListInitialise
                0x6000b0e2       0x40 ./freertos/freertos_kernel/list.o
                0x6000b0e2                vListInitialise
 .text.vListInitialiseItem
                0x6000b122       0x1a ./freertos/freertos_kernel/list.o
                0x6000b122                vListInitialiseItem
 .text.vListInsertEnd
                0x6000b13c       0x48 ./freertos/freertos_kernel/list.o
                0x6000b13c                vListInsertEnd
 .text.vListInsert
                0x6000b184       0x72 ./freertos/freertos_kernel/list.o
                0x6000b184                vListInsert
 .text.uxListRemove
                0x6000b1f6       0x54 ./freertos/freertos_kernel/list.o
                0x6000b1f6                uxListRemove
 .text.xQueueGenericCreate
                0x6000b24a       0xbe ./freertos/freertos_kernel/queue.o
                0x6000b24a                xQueueGenericCreate
 .text.prvInitialiseNewQueue
                0x6000b308       0x46 ./freertos/freertos_kernel/queue.o
 .text.prvInitialiseMutex
                0x6000b34e       0x34 ./freertos/freertos_kernel/queue.o
 .text.xQueueCreateMutex
                0x6000b382       0x30 ./freertos/freertos_kernel/queue.o
                0x6000b382                xQueueCreateMutex
 .text.xQueueGenericSendFromISR
                0x6000b3b2      0x154 ./freertos/freertos_kernel/queue.o
                0x6000b3b2                xQueueGenericSendFromISR
 .text.vQueueDelete
                0x6000b506       0x3c ./freertos/freertos_kernel/queue.o
                0x6000b506                vQueueDelete
 .text.prvCopyDataToQueue
                0x6000b542       0xd4 ./freertos/freertos_kernel/queue.o
 .text.prvCopyDataFromQueue
                0x6000b616       0x4c ./freertos/freertos_kernel/queue.o
 .text.prvUnlockQueue
                0x6000b662       0xa4 ./freertos/freertos_kernel/queue.o
 .text.prvIsQueueEmpty
                0x6000b706       0x2c ./freertos/freertos_kernel/queue.o
 .text.prvIsQueueFull
                0x6000b732       0x30 ./freertos/freertos_kernel/queue.o
 .text.vQueueWaitForMessageRestricted
                0x6000b762       0x68 ./freertos/freertos_kernel/queue.o
                0x6000b762                vQueueWaitForMessageRestricted
 .text.xTaskCreate
                0x6000b7ca       0x82 ./freertos/freertos_kernel/tasks.o
                0x6000b7ca                xTaskCreate
 .text.prvInitialiseNewTask
                0x6000b84c      0x13a ./freertos/freertos_kernel/tasks.o
 .text.prvDeleteTCB
                0x6000b986       0x20 ./freertos/freertos_kernel/tasks.o
 .text.prvTimerTask
                0x6000b9a6       0x24 ./freertos/freertos_kernel/timers.o
 .text.CLOCK_IsPllBypassed
                0x6000b9ca        0xc ./drivers/fsl_clock.o
 .text.CLOCK_IsPllEnabled
                0x6000b9d6       0x12 ./drivers/fsl_clock.o
 .text.CLOCK_GetPllBypassRefClk
                0x6000b9e8       0x18 ./drivers/fsl_clock.o
 .text.DelayLoop
                0x6000ba00        0xc ./drivers/fsl_common_arm.o
 .text._SDK_AtomicLocalClearAndSet4Byte
                0x6000ba0c       0x1a ./drivers/fsl_lpuart.o
 .text.CLOCK_EnableClock
                0x6000ba26        0xa ./drivers/fsl_lpuart.o
 .text.LPUART_SoftwareReset
                0x6000ba30       0x12 ./drivers/fsl_lpuart.o
 .text.SNVS_LP_DisableExternalTamper
                0x6000ba42       0x10 ./drivers/fsl_snvs_lp.o
                0x6000ba42                SNVS_LP_DisableExternalTamper
 .text.SNVS_LP_ClearExternalTamperStatus
                0x6000ba52       0x18 ./drivers/fsl_snvs_lp.o
                0x6000ba52                SNVS_LP_ClearExternalTamperStatus
 .text.SystemInitHook
                0x6000ba6a        0x2 ./device/system_MIMXRT1062.o
                0x6000ba6a                SystemInitHook
 .text.HAL_UartGetStatus
                0x6000ba6c        0xa ./component/uart/fsl_adapter_lpuart.o
 .text.DisableGlobalIRQ
                0x6000ba76        0x8 ./component/serial_manager/fsl_component_serial_manager.o
 .text.EnableGlobalIRQ
                0x6000ba7e        0x6 ./component/serial_manager/fsl_component_serial_manager.o
 .text.SerialManager_StartWriting
                0x6000ba84       0x1a ./component/serial_manager/fsl_component_serial_manager.o
 .text.SerialManager_Write
                0x6000ba9e       0x22 ./component/serial_manager/fsl_component_serial_manager.o
 .text.SerialManager_Init
                0x6000bac0       0x32 ./component/serial_manager/fsl_component_serial_manager.o
                0x6000bac0                SerialManager_Init
 .text.SerialManager_OpenWriteHandle
                0x6000baf2       0x2c ./component/serial_manager/fsl_component_serial_manager.o
                0x6000baf2                SerialManager_OpenWriteHandle
 .text.SerialManager_OpenReadHandle
                0x6000bb1e       0x38 ./component/serial_manager/fsl_component_serial_manager.o
                0x6000bb1e                SerialManager_OpenReadHandle
 .text.SerialManager_WriteBlocking
                0x6000bb56        0x8 ./component/serial_manager/fsl_component_serial_manager.o
                0x6000bb56                SerialManager_WriteBlocking
 .text.Serial_UartInit
                0x6000bb5e       0x14 ./component/serial_manager/fsl_component_serial_port_uart.o
                0x6000bb5e                Serial_UartInit
 .text.Serial_UartWrite
                0x6000bb72       0x14 ./component/serial_manager/fsl_component_serial_port_uart.o
                0x6000bb72                Serial_UartWrite
 .text.OSA_EnterCritical
                0x6000bb86       0x26 ./component/osa/fsl_os_abstraction_free_rtos.o
                0x6000bb86                OSA_EnterCritical
 .text.OSA_ExitCritical
                0x6000bbac       0x14 ./component/osa/fsl_os_abstraction_free_rtos.o
                0x6000bbac                OSA_ExitCritical
 .text.BOARD_InitDebugConsole
                0x6000bbc0       0x16 ./board/board.o
                0x6000bbc0                BOARD_InitDebugConsole
 .text._SDK_AtomicLocalClearAndSet4Byte
                0x6000bbd6       0x1a ./board/clock_config.o
 .text.CLOCK_DisableClock
                0x6000bbf0        0xa ./board/clock_config.o
 .text.CLOCK_SetPllBypass
                0x6000bbfa       0x1e ./board/clock_config.o
 .text.IOMUXC_SetSaiMClkClockSource
                0x6000bc18       0x38 ./board/clock_config.o
 .text.USB1_init
                0x6000bc50        0x8 ./board/peripherals.o
 .text.BOARD_InitPeripherals
                0x6000bc58       0x10 ./board/peripherals.o
                0x6000bc58                BOARD_InitPeripherals
 .text._SDK_AtomicLocalClearAndSet4Byte
                0x6000bc68       0x1a ./board/pin_mux.o
 .text.CLOCK_EnableClock
                0x6000bc82        0xa ./board/pin_mux.o
 .text.IOMUXC_SetPinMux
                0x6000bc8c       0x20 ./board/pin_mux.o
 .text.__main   0x6000bcac        0xe c:/nxp/mcuxpressoide_11.4.1_6260/ide/plugins/com.nxp.mcuxpresso.tools.win32_11.4.0.202103011116/tools/bin/../lib/gcc/arm-none-eabi/10.2.1/../../../../arm-none-eabi/lib/thumb/v7e-m+dp/hard\libcr_nohost_nf.a(_cr__main.o)
                0x6000bcac                __main
 .text.__sys_appexit
                0x6000bcba        0x2 c:/nxp/mcuxpressoide_11.4.1_6260/ide/plugins/com.nxp.mcuxpresso.tools.win32_11.4.0.202103011116/tools/bin/../lib/gcc/arm-none-eabi/10.2.1/../../../../arm-none-eabi/lib/thumb/v7e-m+dp/hard\libcr_nohost_nf.a(__sys_appexit.o)
                0x6000bcba                __sys_appexit
                0x6000bcba                __exit
 .text.memcpy   0x6000bcbc        0x4 c:/nxp/mcuxpressoide_11.4.1_6260/ide/plugins/com.nxp.mcuxpresso.tools.win32_11.4.0.202103011116/tools/bin/../lib/gcc/arm-none-eabi/10.2.1/../../../../arm-none-eabi/lib/thumb/v7e-m+dp/hard\libcr_c.a(memcpy.o)
                0x6000bcbc                memcpy
 .text.memset   0x6000bcc0        0x4 c:/nxp/mcuxpressoide_11.4.1_6260/ide/plugins/com.nxp.mcuxpresso.tools.win32_11.4.0.202103011116/tools/bin/../lib/gcc/arm-none-eabi/10.2.1/../../../../arm-none-eabi/lib/thumb/v7e-m+dp/hard\libcr_c.a(memset.o)
                0x6000bcc0                memset
 .text._deferredlazyseek
                0x6000bcc4       0x40 c:/nxp/mcuxpressoide_11.4.1_6260/ide/plugins/com.nxp.mcuxpresso.tools.win32_11.4.0.202103011116/tools/bin/../lib/gcc/arm-none-eabi/10.2.1/../../../../arm-none-eabi/lib/thumb/v7e-m+dp/hard\libcr_c.a(_deferredlazyseek.o)
                0x6000bcc4                _deferredlazyseek
 .text.__flsbuf
                0x6000bd04      0x140 c:/nxp/mcuxpressoide_11.4.1_6260/ide/plugins/com.nxp.mcuxpresso.tools.win32_11.4.0.202103011116/tools/bin/../lib/gcc/arm-none-eabi/10.2.1/../../../../arm-none-eabi/lib/thumb/v7e-m+dp/hard\libcr_c.a(_deferredlazyseek.o)
                0x6000bd04                __flsbuf
 .text._fflush  0x6000be44       0x52 c:/nxp/mcuxpressoide_11.4.1_6260/ide/plugins/com.nxp.mcuxpresso.tools.win32_11.4.0.202103011116/tools/bin/../lib/gcc/arm-none-eabi/10.2.1/../../../../arm-none-eabi/lib/thumb/v7e-m+dp/hard\libcr_c.a(_fflush.o)
                0x6000be44                _fflush
 .text.free     0x6000be96       0x30 c:/nxp/mcuxpressoide_11.4.1_6260/ide/plugins/com.nxp.mcuxpresso.tools.win32_11.4.0.202103011116/tools/bin/../lib/gcc/arm-none-eabi/10.2.1/../../../../arm-none-eabi/lib/thumb/v7e-m+dp/hard\libcr_c.a(alloc.o)
                0x6000be96                free
 .text.fputs    0x6000bec6       0x2c c:/nxp/mcuxpressoide_11.4.1_6260/ide/plugins/com.nxp.mcuxpresso.tools.win32_11.4.0.202103011116/tools/bin/../lib/gcc/arm-none-eabi/10.2.1/../../../../arm-none-eabi/lib/thumb/v7e-m+dp/hard\libcr_c.a(fputs.o)
                0x6000bec6                fputs
 .text.setvbuf  0x6000bef2       0x3e c:/nxp/mcuxpressoide_11.4.1_6260/ide/plugins/com.nxp.mcuxpresso.tools.win32_11.4.0.202103011116/tools/bin/../lib/gcc/arm-none-eabi/10.2.1/../../../../arm-none-eabi/lib/thumb/v7e-m+dp/hard\libcr_c.a(setvbuf.o)
                0x6000bef2                setvbuf
 .text.strlen   0x6000bf30       0x48 c:/nxp/mcuxpressoide_11.4.1_6260/ide/plugins/com.nxp.mcuxpresso.tools.win32_11.4.0.202103011116/tools/bin/../lib/gcc/arm-none-eabi/10.2.1/../../../../arm-none-eabi/lib/thumb/v7e-m+dp/hard\libcr_c.a(strlen.o)
                0x6000bf30                strlen
 .text._fdopen  0x6000bf78       0x68 c:/nxp/mcuxpressoide_11.4.1_6260/ide/plugins/com.nxp.mcuxpresso.tools.win32_11.4.0.202103011116/tools/bin/../lib/gcc/arm-none-eabi/10.2.1/../../../../arm-none-eabi/lib/thumb/v7e-m+dp/hard\libcr_c.a(_fdopen.o)
                0x6000bf78                _fdopen
 .text.fclose   0x6000bfe0       0x58 c:/nxp/mcuxpressoide_11.4.1_6260/ide/plugins/com.nxp.mcuxpresso.tools.win32_11.4.0.202103011116/tools/bin/../lib/gcc/arm-none-eabi/10.2.1/../../../../arm-none-eabi/lib/thumb/v7e-m+dp/hard\libcr_c.a(fclose.o)
                0x6000bfe0                fclose
 .text.remove   0x6000c038       0x14 c:/nxp/mcuxpressoide_11.4.1_6260/ide/plugins/com.nxp.mcuxpresso.tools.win32_11.4.0.202103011116/tools/bin/../lib/gcc/arm-none-eabi/10.2.1/../../../../arm-none-eabi/lib/thumb/v7e-m+dp/hard\libcr_c.a(remove.o)
                0x6000c038                remove
 .text._do_fflush
                0x6000c04c       0x40 c:/nxp/mcuxpressoide_11.4.1_6260/ide/plugins/com.nxp.mcuxpresso.tools.win32_11.4.0.202103011116/tools/bin/../lib/gcc/arm-none-eabi/10.2.1/../../../../arm-none-eabi/lib/thumb/v7e-m+dp/hard\libcr_c.a(_do_fflush.o)
                0x6000c04c                _do_fflush
 .text.__aeabi_division_uldivmod