../usb/device/source/ehci/usb_device_ehci.c:143:13:USB_DeviceEhciSetDefaultState	4	static
../usb/device/source/ehci/usb_device_ehci.c:215:21:USB_DeviceEhciEndpointInit	40	static
../usb/device/source/ehci/usb_device_ehci.c:300:21:USB_DeviceEhciEndpointDeinit	32	static
../usb/device/source/ehci/usb_device_ehci.c:348:21:USB_DeviceEhciEndpointStall	16	static
../usb/device/source/ehci/usb_device_ehci.c:383:21:USB_DeviceEhciEndpointUnstall	16	static
../usb/device/source/ehci/usb_device_ehci.c:415:13:USB_DeviceEhciFillSetupBuffer	0	static
../usb/device/source/ehci/usb_device_ehci.c:452:13:USB_DeviceEhciCancelControlPipe	48	static
../usb/device/source/ehci/usb_device_ehci.c:532:13:USB_DeviceEhciInterruptTokenDone	56	static
../usb/device/source/ehci/usb_device_ehci.c:748:13:USB_DeviceEhciInterruptPortChange	24	static
../usb/device/source/ehci/usb_device_ehci.c:798:13:USB_DeviceEhciInterruptReset	24	static
../usb/device/source/ehci/usb_device_ehci.c:840:13:USB_DeviceEhciInterruptSof	0	static
../usb/device/source/ehci/usb_device_ehci.c:886:21:USB_DeviceEhciTransfer	64	static
../usb/device/source/ehci/usb_device_ehci.c:1093:14:USB_EhciGetValidEhciState	0	static
../usb/device/source/ehci/usb_device_ehci.c:1178:14:USB_DeviceEhciInit	40	static
../usb/device/source/ehci/usb_device_ehci.c:1317:14:USB_DeviceEhciDeinit	0	static
../usb/device/source/ehci/usb_device_ehci.c:1371:14:USB_DeviceEhciSend	8	static
../usb/device/source/ehci/usb_device_ehci.c:1403:14:USB_DeviceEhciRecv	8	static
../usb/device/source/ehci/usb_device_ehci.c:1425:14:USB_DeviceEhciCancel	40	static
../usb/device/source/ehci/usb_device_ehci.c:1560:14:USB_DeviceEhciControl	16	static
../usb/device/source/ehci/usb_device_ehci.c:1842:6:USB_DeviceEhciIsrFunction	16	static
