../usb/device/source/usb_device_dci.c:110:21:USB_DeviceAllocateHandle	24	static
../usb/device/source/usb_device_dci.c:149:21:USB_DeviceFreeHandle	24	static
../usb/device/source/usb_device_dci.c:201:21:USB_DeviceGetControllerInterface	0	static
../usb/device/source/usb_device_dci.c:261:21:USB_DeviceTransfer	40	static
../usb/device/source/usb_device_dci.c:342:21:USB_DeviceControl	8	static
../usb/device/source/usb_device_dci.c:375:21:USB_DeviceResetNotification	8	static
../usb/device/source/usb_device_dci.c:564:21:USB_DeviceNotification	24	static
../usb/device/source/usb_device_dci.c:649:14:USB_DeviceNotificationTrigger	8	static
../usb/device/source/usb_device_dci.c:705:14:USB_DeviceInit	32	static
../usb/device/source/usb_device_dci.c:804:14:USB_DeviceRun	8	static
../usb/device/source/usb_device_dci.c:820:14:USB_DeviceStop	8	static
../usb/device/source/usb_device_dci.c:834:14:USB_DeviceDeinit	8	static
../usb/device/source/usb_device_dci.c:888:14:USB_DeviceSendRequest	8	static
../usb/device/source/usb_device_dci.c:920:14:USB_DeviceRecvRequest	8	static
../usb/device/source/usb_device_dci.c:940:14:USB_DeviceCancel	8	static
../usb/device/source/usb_device_dci.c:979:14:USB_DeviceInitEndpoint	8	static
../usb/device/source/usb_device_dci.c:1029:14:USB_DeviceDeinitEndpoint	32	static
../usb/device/source/usb_device_dci.c:1083:14:USB_DeviceStallEndpoint	16	static
../usb/device/source/usb_device_dci.c:1108:14:USB_DeviceUnstallEndpoint	16	static
../usb/device/source/usb_device_dci.c:1135:14:USB_DeviceGetStatus	8	static
../usb/device/source/usb_device_dci.c:1204:14:USB_DeviceSetStatus	8	static
../usb/device/source/usb_device_dci.c:1346:6:USB_DeviceGetVersion	0	static
