C:\Users\jic57\Documents\MCUXpressoIDE_11.4.1_6260\workspace\appnkey-firmware-dev01\drivers/fsl_common_arm.h:568:24:DisableGlobalIRQ	0	static
C:\Users\jic57\Documents\MCUXpressoIDE_11.4.1_6260\workspace\appnkey-firmware-dev01\drivers/fsl_common_arm.h:595:20:EnableGlobalIRQ	0	static
../component/serial_manager/fsl_component_serial_manager.c:375:32:SerialManager_StartWriting	8	static
../component/serial_manager/fsl_component_serial_manager.c:430:32:SerialManager_StartReading	8	static
../component/serial_manager/fsl_component_serial_manager.c:1168:32:SerialManager_Write	8	static
../component/serial_manager/fsl_component_serial_manager.c:1185:32:SerialManager_Read	8	static
../component/serial_manager/fsl_component_serial_manager.c:1203:25:SerialManager_Init	16	static
../component/serial_manager/fsl_component_serial_manager.c:1396:25:SerialManager_Deinit	16	static
../component/serial_manager/fsl_component_serial_manager.c:1474:25:SerialManager_OpenWriteHandle	16	static
../component/serial_manager/fsl_component_serial_manager.c:1511:25:SerialManager_CloseWriteHandle	16	static
../component/serial_manager/fsl_component_serial_manager.c:1542:25:SerialManager_OpenReadHandle	16	static
../component/serial_manager/fsl_component_serial_manager.c:1582:25:SerialManager_CloseReadHandle	16	static
../component/serial_manager/fsl_component_serial_manager.c:1611:25:SerialManager_WriteBlocking	8	static
../component/serial_manager/fsl_component_serial_manager.c:1620:25:SerialManager_ReadBlocking	8	static
../component/serial_manager/fsl_component_serial_manager.c:1863:25:SerialManager_EnterLowpower	8	static
../component/serial_manager/fsl_component_serial_manager.c:1910:25:SerialManager_ExitLowpower	8	static
