../utilities/fsl_str.c:141:17:PrintGetWidth	0	static
../utilities/fsl_str.c:170:17:PrintGetPrecision	8	static
../utilities/fsl_str.c:227:17:PrintIsobpu	0	static
../utilities/fsl_str.c:237:17:PrintIsdi	0	static
../utilities/fsl_str.c:247:13:PrintOutputdifFobpu	24	static
../utilities/fsl_str.c:300:13:PrintOutputxX	24	static
../utilities/fsl_str.c:361:17:PrintIsfF	0	static
../utilities/fsl_str.c:371:17:PrintIsxX	0	static
../utilities/fsl_str.c:462:13:PrintFilterLengthFlag	0	static
../utilities/fsl_str.c:476:16:PrintGetRadixFromobpu	0	static
../utilities/fsl_str.c:499:17:ScanIsWhiteSpace	0	static
../utilities/fsl_str.c:509:17:ScanIgnoreWhiteSpace	16	static
../utilities/fsl_str.c:524:16:ConvertRadixNumToString	8	static
../utilities/fsl_str.c:742:5:StrFormatPrintf	104	static
../utilities/fsl_str.c:997:16:StrFormatScanIsFormatStarting	0	static
../utilities/fsl_str.c:1016:16:StrFormatScanGetBase	0	static
../utilities/fsl_str.c:1039:16:StrFormatScanCheckSymbol	0	static
../utilities/fsl_str.c:1060:16:StrFormatScanFillInteger	0	static
../utilities/fsl_str.c:1161:16:StrFormatScanfStringHandling	32	static
../utilities/fsl_str.c:1330:5:StrFormatScanf	64	static
