../drivers/fsl_snvs_lp.h:371:20:SNVS_LP_SRTC_StartTimer	0	static
../drivers/fsl_snvs_lp.h:384:20:SNVS_LP_SRTC_StopTimer	0	static
../drivers/fsl_snvs_lp.c:93:13:SNVS_LP_CheckDatetimeFormat	24	static
../drivers/fsl_snvs_lp.c:125:17:SNVS_LP_ConvertDatetimeToSeconds	40	static
../drivers/fsl_snvs_lp.c:155:13:SNVS_LP_ConvertSecondsToDatetime	24	static
../drivers/fsl_snvs_lp.c:242:6:SNVS_LP_Init	0	static
../drivers/fsl_snvs_lp.c:267:6:SNVS_LP_Deinit	0	static
../drivers/fsl_snvs_lp.c:284:6:SNVS_LP_SRTC_Init	16	static
../drivers/fsl_snvs_lp.c:314:6:SNVS_LP_SRTC_Deinit	0	static
../drivers/fsl_snvs_lp.c:335:6:SNVS_LP_SRTC_GetDefaultConfig	8	static
../drivers/fsl_snvs_lp.c:346:17:SNVS_LP_SRTC_GetSeconds	4	static
../drivers/fsl_snvs_lp.c:371:10:SNVS_LP_SRTC_SetDatetime	16	static
../drivers/fsl_snvs_lp.c:408:6:SNVS_LP_SRTC_GetDatetime	8	static
../drivers/fsl_snvs_lp.c:433:10:SNVS_LP_SRTC_SetAlarm	16	static
../drivers/fsl_snvs_lp.c:477:6:SNVS_LP_SRTC_GetAlarm	8	static
../drivers/fsl_snvs_lp.c:497:10:SNVS_LP_SRTC_GetStatusFlags	0	static
../drivers/fsl_snvs_lp.c:517:10:SNVS_LP_SRTC_GetEnabledInterrupts	0	static
../drivers/fsl_snvs_lp.c:540:6:SNVS_LP_PassiveTamperPin_GetDefaultConfig	8	static
../drivers/fsl_snvs_lp.c:609:6:SNVS_LP_EnablePassiveTamper	0	static
../drivers/fsl_snvs_lp.c:791:6:SNVS_LP_DisableExternalTamper	0	static
../drivers/fsl_snvs_lp.c:838:6:SNVS_LP_DisableAllExternalTamper	8	static
../drivers/fsl_snvs_lp.c:854:34:SNVS_LP_GetExternalTamperStatus	0	static
../drivers/fsl_snvs_lp.c:905:6:SNVS_LP_ClearExternalTamperStatus	0	static
../drivers/fsl_snvs_lp.c:954:6:SNVS_LP_ClearAllExternalTamperStatus	8	static
../drivers/fsl_snvs_lp.c:1292:10:SNVS_LP_GetMonotonicCounter	0	static
../drivers/fsl_snvs_lp.c:1308:6:SNVS_LP_WriteZeroizableMasterKey	4	static
