../drivers/fsl_clock.h:1262:24:CLOCK_GetOscFreq	0	static
../drivers/fsl_clock.h:1369:24:CLOCK_GetRtcFreq	0	static
../drivers/fsl_clock.h:1467:20:CLOCK_IsPllBypassed	0	static
../drivers/fsl_clock.h:1481:20:CLOCK_IsPllEnabled	0	static
../drivers/fsl_clock.h:1507:24:CLOCK_GetPllBypassRefClk	8	static
../drivers/fsl_clock.c:86:17:CLOCK_GetPeriphClkFreq	8	static
../drivers/fsl_clock.c:152:17:CLOCK_GetPllUsb1SWFreq	8	static
../drivers/fsl_clock.c:190:6:CLOCK_InitExternalClk	8	static
../drivers/fsl_clock.c:214:6:CLOCK_DeinitExternalClk	0	static
../drivers/fsl_clock.c:226:6:CLOCK_SwitchOsc	0	static
../drivers/fsl_clock.c:241:6:CLOCK_InitRcOsc24M	0	static
../drivers/fsl_clock.c:249:6:CLOCK_DeinitRcOsc24M	0	static
../drivers/fsl_clock.c:259:10:CLOCK_GetAhbFreq	8	static
../drivers/fsl_clock.c:269:10:CLOCK_GetSemcFreq	8	static
../drivers/fsl_clock.c:303:10:CLOCK_GetIpgFreq	8	static
../drivers/fsl_clock.c:313:10:CLOCK_GetPerClkFreq	8	static
../drivers/fsl_clock.c:342:10:CLOCK_GetFreq	8	static
../drivers/fsl_clock.c:448:10:CLOCK_GetClockRootFreq	16	static
../drivers/fsl_clock.c:492:6:CLOCK_EnableUsbhs0Clock	0	static
../drivers/fsl_clock.c:519:6:CLOCK_EnableUsbhs1Clock	0	static
../drivers/fsl_clock.c:544:6:CLOCK_EnableUsbhs0PhyPllClock	8	static
../drivers/fsl_clock.c:568:6:CLOCK_DisableUsbhs0PhyPllClock	0	static
../drivers/fsl_clock.c:581:6:CLOCK_InitArmPll	0	static
../drivers/fsl_clock.c:602:6:CLOCK_DeinitArmPll	0	static
../drivers/fsl_clock.c:614:6:CLOCK_InitSysPll	0	static
../drivers/fsl_clock.c:644:6:CLOCK_DeinitSysPll	0	static
../drivers/fsl_clock.c:656:6:CLOCK_InitUsb1Pll	0	static
../drivers/fsl_clock.c:677:6:CLOCK_DeinitUsb1Pll	0	static
../drivers/fsl_clock.c:689:6:CLOCK_InitUsb2Pll	0	static
../drivers/fsl_clock.c:710:6:CLOCK_DeinitUsb2Pll	0	static
../drivers/fsl_clock.c:722:6:CLOCK_InitAudioPll	4	static
../drivers/fsl_clock.c:797:6:CLOCK_DeinitAudioPll	0	static
../drivers/fsl_clock.c:809:6:CLOCK_InitVideoPll	0	static
../drivers/fsl_clock.c:883:6:CLOCK_DeinitVideoPll	0	static
../drivers/fsl_clock.c:895:6:CLOCK_InitEnetPll	4	static
../drivers/fsl_clock.c:937:6:CLOCK_DeinitEnetPll	0	static
../drivers/fsl_clock.c:950:10:CLOCK_GetPllFreq	16	static
../drivers/fsl_clock.c:1174:6:CLOCK_InitSysPfd	4	static
../drivers/fsl_clock.c:1197:6:CLOCK_DeinitSysPfd	0	static
../drivers/fsl_clock.c:1210:6:CLOCK_IsSysPfdEnabled	0	static
../drivers/fsl_clock.c:1225:6:CLOCK_InitUsb1Pfd	4	static
../drivers/fsl_clock.c:1248:6:CLOCK_DeinitUsb1Pfd	0	static
../drivers/fsl_clock.c:1261:6:CLOCK_IsUsb1PfdEnabled	0	static
../drivers/fsl_clock.c:1274:10:CLOCK_GetSysPfdFreq	8	static
../drivers/fsl_clock.c:1313:10:CLOCK_GetUsb1PfdFreq	8	static
../drivers/fsl_clock.c:1353:6:CLOCK_EnableUsbhs1PhyPllClock	8	static
../drivers/fsl_clock.c:1371:6:CLOCK_DisableUsbhs1PhyPllClock	0	static
../drivers/fsl_clock.c:1383:6:CLOCK_SetClockOutput1	0	static
../drivers/fsl_clock.c:1407:6:CLOCK_SetClockOutput2	0	static
../drivers/fsl_clock.c:1431:10:CLOCK_GetClockOutCLKO1Freq	8	static
../drivers/fsl_clock.c:1492:10:CLOCK_GetClockOutClkO2Freq	8	static
