../drivers/fsl_common_arm.h:210:20:_SDK_AtomicLocalClearAndSet4Byte	4	static
../drivers/fsl_clock.h:1212:20:CLOCK_ControlGate	8	static
../drivers/fsl_clock.h:1229:20:CLOCK_EnableClock	8	static
../drivers/fsl_clock.h:1239:20:CLOCK_DisableClock	8	static
../drivers/fsl_trng.c:1231:17:trng_GetInstance	8	static
../drivers/fsl_trng.c:1293:10:TRNG_GetDefaultConfig	0	static
../drivers/fsl_trng.c:1354:17:trng_SetRetryCount	0	static
../drivers/fsl_trng.c:1376:17:trng_SetMonobitLimit	4	static
../drivers/fsl_trng.c:1401:17:trng_SetRunBit1Limit	4	static
../drivers/fsl_trng.c:1425:17:trng_SetRunBit2Limit	4	static
../drivers/fsl_trng.c:1449:17:trng_SetRunBit3Limit	4	static
../drivers/fsl_trng.c:1472:17:trng_SetRunBit4Limit	4	static
../drivers/fsl_trng.c:1495:17:trng_SetRunBit5Limit	4	static
../drivers/fsl_trng.c:1518:17:trng_SetRunBit6Limit	4	static
../drivers/fsl_trng.c:1541:17:trng_SetPokerMaxLimit	0	static
../drivers/fsl_trng.c:1564:17:trng_SetFrequencyCountMaxLimit	8	static
../drivers/fsl_trng.c:1589:17:trng_SetStatisticalCheckLimit	8	static
../drivers/fsl_trng.c:1662:17:trng_ApplyUserConfig	16	static
../drivers/fsl_trng.c:1743:17:trng_ReadEntropy	0	static
../drivers/fsl_trng.c:1773:10:TRNG_Init	16	static
../drivers/fsl_trng.c:1827:6:TRNG_Deinit	8	static
../drivers/fsl_trng.c:1862:10:TRNG_GetRandomData	32	static
