C:\Users\jic57\Documents\MCUXpressoIDE_11.4.1_6260\workspace\appnkey-firmware-dev01\CMSIS/core_cm7.h:1902:22:__NVIC_EnableIRQ	16	static
../drivers/fsl_common_arm.h:210:20:_SDK_AtomicLocalClearAndSet4Byte	4	static
../drivers/fsl_clock.h:1212:20:CLOCK_ControlGate	8	static
../drivers/fsl_clock.h:1229:20:CLOCK_EnableClock	8	static
../drivers/fsl_clock.h:1239:20:CLOCK_DisableClock	8	static
../drivers/fsl_common_arm.h:488:24:EnableIRQ	8	static
../drivers/fsl_common_arm.h:568:24:DisableGlobalIRQ	0	static
../drivers/fsl_common_arm.h:595:20:EnableGlobalIRQ	0	static
../drivers/fsl_lpuart.h:355:20:LPUART_SoftwareReset	0	static
../drivers/fsl_lpuart.c:110:10:LPUART_GetInstance	8	static
../drivers/fsl_lpuart.c:134:8:LPUART_TransferGetRxRingBufferLength	8	static
../drivers/fsl_lpuart.c:155:13:LPUART_TransferIsRxRingBufferFull	8	static
../drivers/fsl_lpuart.c:172:13:LPUART_WriteNonBlocking	8	static
../drivers/fsl_lpuart.c:186:13:LPUART_ReadNonBlocking	8	static
../drivers/fsl_lpuart.c:240:10:LPUART_Init	32	static
../drivers/fsl_lpuart.c:452:6:LPUART_Deinit	8	static
../drivers/fsl_lpuart.c:516:6:LPUART_GetDefaultConfig	8	static
../drivers/fsl_lpuart.c:561:10:LPUART_SetBaudRate	24	static
../drivers/fsl_lpuart.c:649:6:LPUART_Enable9bitMode	8	static
../drivers/fsl_lpuart.c:683:6:LPUART_SendAddress	8	static
../drivers/fsl_lpuart.c:705:6:LPUART_EnableInterrupts	0	static
../drivers/fsl_lpuart.c:747:6:LPUART_DisableInterrupts	0	static
../drivers/fsl_lpuart.c:795:10:LPUART_GetEnabledInterrupts	0	static
../drivers/fsl_lpuart.c:833:10:LPUART_GetStatusFlags	0	static
../drivers/fsl_lpuart.c:866:10:LPUART_ClearStatusFlags	8	static
../drivers/fsl_lpuart.c:916:10:LPUART_WriteBlocking	8	static
../drivers/fsl_lpuart.c:981:10:LPUART_ReadBlocking	32	static
../drivers/fsl_lpuart.c:1100:6:LPUART_TransferCreateHandle	24	static
../drivers/fsl_lpuart.c:1165:6:LPUART_TransferStartRingBuffer	8	static
../drivers/fsl_lpuart.c:1194:6:LPUART_TransferStopRingBuffer	16	static
../drivers/fsl_lpuart.c:1232:10:LPUART_TransferSendNonBlocking	8	static
../drivers/fsl_lpuart.c:1275:6:LPUART_TransferAbortSend	16	static
../drivers/fsl_lpuart.c:1300:10:LPUART_TransferGetSendCount	8	static
../drivers/fsl_lpuart.c:1358:10:LPUART_TransferReceiveNonBlocking	32	static
../drivers/fsl_lpuart.c:1497:6:LPUART_TransferAbortReceive	16	static
../drivers/fsl_lpuart.c:1528:10:LPUART_TransferGetReceiveCount	8	static
../drivers/fsl_lpuart.c:1556:6:LPUART_TransferHandleIRQ	32	static
../drivers/fsl_lpuart.c:1809:6:LPUART_TransferHandleErrorIRQ	0	static
../drivers/fsl_lpuart.c:1904:6:LPUART1_DriverIRQHandler	8	static
../drivers/fsl_lpuart.c:1929:6:LPUART2_DriverIRQHandler	8	static
../drivers/fsl_lpuart.c:1953:6:LPUART3_DriverIRQHandler	8	static
../drivers/fsl_lpuart.c:1977:6:LPUART4_DriverIRQHandler	8	static
../drivers/fsl_lpuart.c:2001:6:LPUART5_DriverIRQHandler	8	static
../drivers/fsl_lpuart.c:2025:6:LPUART6_DriverIRQHandler	8	static
../drivers/fsl_lpuart.c:2049:6:LPUART7_DriverIRQHandler	8	static
../drivers/fsl_lpuart.c:2073:6:LPUART8_DriverIRQHandler	8	static
