../component/osa/fsl_os_abstraction_free_rtos.c:90:18:main_task	0	static
../component/osa/fsl_os_abstraction_free_rtos.c:121:7:OSA_MemoryAllocate	16	static
../component/osa/fsl_os_abstraction_free_rtos.c:139:6:OSA_MemoryFree	8	static
../component/osa/fsl_os_abstraction_free_rtos.c:144:6:OSA_EnterCritical	8	static
../component/osa/fsl_os_abstraction_free_rtos.c:160:6:OSA_ExitCritical	8	static
../component/osa/fsl_os_abstraction_free_rtos.c:182:6:startup_task	8	static
../component/osa/fsl_os_abstraction_free_rtos.c:332:6:OSA_TimeDelay	8	static
../component/osa/fsl_os_abstraction_free_rtos.c:342:10:OSA_TimeGetMsec	8	static
../component/osa/fsl_os_abstraction_free_rtos.c:364:14:OSA_SemaphoreCreate	8	static
../component/osa/fsl_os_abstraction_free_rtos.c:391:14:OSA_SemaphoreDestroy	8	static
../component/osa/fsl_os_abstraction_free_rtos.c:413:14:OSA_SemaphoreWait	8	static
../component/osa/fsl_os_abstraction_free_rtos.c:448:14:OSA_SemaphorePost	16	static
../component/osa/fsl_os_abstraction_free_rtos.c:489:14:OSA_MutexCreate	8	static
../component/osa/fsl_os_abstraction_free_rtos.c:519:14:OSA_MutexLock	8	static
../component/osa/fsl_os_abstraction_free_rtos.c:551:14:OSA_MutexUnlock	8	static
../component/osa/fsl_os_abstraction_free_rtos.c:573:14:OSA_MutexDestroy	8	static
../component/osa/fsl_os_abstraction_free_rtos.c:589:14:OSA_EventCreate	16	static
../component/osa/fsl_os_abstraction_free_rtos.c:613:14:OSA_EventSet	16	static
../component/osa/fsl_os_abstraction_free_rtos.c:651:14:OSA_EventClear	8	static
../component/osa/fsl_os_abstraction_free_rtos.c:685:14:OSA_EventGet	16	static
../component/osa/fsl_os_abstraction_free_rtos.c:730:14:OSA_EventWait	24	static
../component/osa/fsl_os_abstraction_free_rtos.c:788:14:OSA_EventDestroy	8	static
../component/osa/fsl_os_abstraction_free_rtos.c:809:14:OSA_MsgQCreate	8	static
../component/osa/fsl_os_abstraction_free_rtos.c:837:14:OSA_MsgQPut	16	static
../component/osa/fsl_os_abstraction_free_rtos.c:877:14:OSA_MsgQGet	8	static
../component/osa/fsl_os_abstraction_free_rtos.c:911:5:OSA_MsgQAvailableMsgs	8	static
../component/osa/fsl_os_abstraction_free_rtos.c:926:14:OSA_MsgQDestroy	8	static
../component/osa/fsl_os_abstraction_free_rtos.c:941:6:OSA_InterruptEnable	8	static
../component/osa/fsl_os_abstraction_free_rtos.c:967:6:OSA_InterruptDisable	8	static
../component/osa/fsl_os_abstraction_free_rtos.c:989:6:OSA_EnableIRQGlobal	0	static
../component/osa/fsl_os_abstraction_free_rtos.c:1009:6:OSA_DisableIRQGlobal	0	static
../component/osa/fsl_os_abstraction_free_rtos.c:1024:6:OSA_InstallIntHandler	0	static
