../usb/device/class/cdc/usb_device_cdc_acm.c:50:21:USB_DeviceCdcAcmAllocateHandle	0	static
../usb/device/class/cdc/usb_device_cdc_acm.c:73:21:USB_DeviceCdcAcmFreeHandle	0	static
../usb/device/class/cdc/usb_device_cdc_acm.c:92:21:USB_DeviceCdcAcmInterruptIn	8	static
../usb/device/class/cdc/usb_device_cdc_acm.c:126:21:USB_DeviceCdcAcmBulkIn	8	static
../usb/device/class/cdc/usb_device_cdc_acm.c:161:21:USB_DeviceCdcAcmBulkOut	8	static
../usb/device/class/cdc/usb_device_cdc_acm.c:194:21:USB_DeviceCdcAcmEndpointsInit	48	static
../usb/device/class/cdc/usb_device_cdc_acm.c:337:21:USB_DeviceCdcAcmEndpointsDeinit	16	static
../usb/device/class/cdc/usb_device_cdc_acm.c:374:14:USB_DeviceCdcAcmEvent	56	static
../usb/device/class/cdc/usb_device_cdc_acm.c:728:14:USB_DeviceCdcAcmInit	32	static
../usb/device/class/cdc/usb_device_cdc_acm.c:791:14:USB_DeviceCdcAcmDeinit	16	static
../usb/device/class/cdc/usb_device_cdc_acm.c:838:14:USB_DeviceCdcAcmSend	8	static
../usb/device/class/cdc/usb_device_cdc_acm.c:900:14:USB_DeviceCdcAcmRecv	8	static
