../usb/device/class/msc/usb_device_msc.c:188:21:USB_DeviceMscAllocateHandle	24	static
../usb/device/class/msc/usb_device_msc.c:225:21:USB_DeviceMscFreeHandle	0	static
../usb/device/class/msc/usb_device_msc.c:243:21:USB_DeviceMscProcessUfiCommand	8	static
../usb/device/class/msc/usb_device_msc.c:334:21:USB_DeviceMscBulkIn	32	static
../usb/device/class/msc/usb_device_msc.c:458:21:USB_DeviceMscBulkOut	32	static
../usb/device/class/msc/usb_device_msc.c:651:14:USB_DeviceMscEndpointsInit	40	static
../usb/device/class/msc/usb_device_msc.c:751:14:USB_DeviceMscEndpointsDeinit	16	static
../usb/device/class/msc/usb_device_msc.c:781:14:USB_DeviceMscInit	32	static
../usb/device/class/msc/usb_device_msc.c:841:14:USB_DeviceMscDeinit	16	static
../usb/device/class/msc/usb_device_msc.c:871:14:USB_DeviceMscEvent	72	static
../usb/device/class/msc/usb_device_msc.c:1165:14:USB_DeviceMscSend	32	static
../usb/device/class/msc/usb_device_msc.c:1223:14:USB_DeviceMscRecv	32	static
../usb/device/class/msc/usb_device_msc.c:1276:14:USB_DeviceMscLbaTransfer	8	static
