C:\Users\jic57\Documents\MCUXpressoIDE_11.4.1_6260\workspace\appnkey-firmware-dev01\CMSIS/core_cm7.h:1902:22:__NVIC_EnableIRQ	16	static
C:\Users\jic57\Documents\MCUXpressoIDE_11.4.1_6260\workspace\appnkey-firmware-dev01\CMSIS/core_cm7.h:2032:22:__NVIC_SetPriority	16	static
C:\Users\jic57\Documents\MCUXpressoIDE_11.4.1_6260\workspace\appnkey-firmware-dev01\drivers/fsl_clock.h:1249:20:CLOCK_SetMode	0	static
C:\Users\jic57\Documents\MCUXpressoIDE_11.4.1_6260\workspace\appnkey-firmware-dev01\drivers/fsl_common_arm.h:488:24:EnableIRQ	8	static
../source/generated/usb_device_composite.c:196:20:getPowerStatus	0	static
../source/generated/usb_device_composite.c:201:6:USB_LowpowerModeInit	0	static
../source/generated/usb_device_composite.c:211:13:EnterDeepSleep	0	static
../source/generated/usb_device_composite.c:219:6:APP_LowPower_EnterLowPower	8	static
../source/generated/usb_device_composite.c:225:9:USB_EnterLowpowerMode	8	static
../source/generated/usb_device_composite.c:231:6:USB_WaitForPllLock	0	static
../source/generated/usb_device_composite.c:236:6:USB_PostLowpowerMode	0	static
../source/generated/usb_device_composite.c:241:6:USB_ControllerSuspended	0	static
../source/generated/usb_device_composite.c:245:6:USB_PowerPreSwitchHook	0	static
../source/generated/usb_device_composite.c:249:6:USB_PowerPostSwitchHook	0	static
../source/generated/usb_device_composite.c:255:6:USB_DeviceSuspendResumeTask	8	static
../source/generated/usb_device_composite.c:506:6:USB_OTG1_IRQHandler	8	static
../source/generated/usb_device_composite.c:520:13:USB_DeviceClockInit	16	static
../source/generated/usb_device_composite.c:544:6:USB_DeviceIsrEnable	16	static
../source/generated/usb_device_composite.c:604:21:USB_DeviceCallback	16	static
../source/generated/usb_device_composite.c:850:14:USB_UpdateInterfaceSetting	16	static
../source/generated/usb_device_composite.c:886:14:USB_DeviceApplicationInit	16	static
../source/generated/usb_device_composite.c:1045:6:USB_DeviceTasks	8	static
